// Jest Snapshot v1, https://goo.gl/fbAQLP

exports[`Components loads 1`] = `
Object {
  "Accessibility": Object {
    "$$typeof": Symbol(react.forward_ref),
    "render": [Function],
  },
  "Achievement": Object {
    "$$typeof": Symbol(react.forward_ref),
    "render": [Function],
  },
  "Action": Object {
    "$$typeof": Symbol(react.forward_ref),
    "render": [Function],
  },
  "Actions": Object {
    "$$typeof": Symbol(react.forward_ref),
    "render": [Function],
  },
  "Ad": Object {
    "$$typeof": Symbol(react.forward_ref),
    "render": [Function],
  },
  "Add": Object {
    "$$typeof": Symbol(react.forward_ref),
    "render": [Function],
  },
  "AddCircle": Object {
    "$$typeof": Symbol(react.forward_ref),
    "render": [Function],
  },
  "Aed": Object {
    "$$typeof": Symbol(react.forward_ref),
    "render": [Function],
  },
  "Aggregate": Object {
    "$$typeof": Symbol(react.forward_ref),
    "render": [Function],
  },
  "Aid": Object {
    "$$typeof": Symbol(react.forward_ref),
    "render": [Function],
  },
  "AidOption": Object {
    "$$typeof": Symbol(react.forward_ref),
    "render": [Function],
  },
  "Alarm": Object {
    "$$typeof": Symbol(react.forward_ref),
    "render": [Function],
  },
  "Alert": Object {
    "$$typeof": Symbol(react.forward_ref),
    "render": [Function],
  },
  "Amazon": Object {
    "$$typeof": Symbol(react.forward_ref),
    "render": [Function],
  },
  "Amex": Object {
    "$$typeof": Symbol(react.forward_ref),
    "render": [Function],
  },
  "Analytics": Object {
    "$$typeof": Symbol(react.forward_ref),
    "render": [Function],
  },
  "Anchor": Object {
    "$$typeof": Symbol(react.forward_ref),
    "render": [Function],
  },
  "Android": Object {
    "$$typeof": Symbol(react.forward_ref),
    "render": [Function],
  },
  "Announce": Object {
    "$$typeof": Symbol(react.forward_ref),
    "render": [Function],
  },
  "Apple": Object {
    "$$typeof": Symbol(react.forward_ref),
    "render": [Function],
  },
  "AppleAppStore": Object {
    "$$typeof": Symbol(react.forward_ref),
    "render": [Function],
  },
  "Apps": Object {
    "$$typeof": Symbol(react.forward_ref),
    "render": [Function],
  },
  "AppsRounded": Object {
    "$$typeof": Symbol(react.forward_ref),
    "render": [Function],
  },
  "Archive": Object {
    "$$typeof": Symbol(react.forward_ref),
    "render": [Function],
  },
  "Archlinux": Object {
    "$$typeof": Symbol(react.forward_ref),
    "render": [Function],
  },
  "Article": Object {
    "$$typeof": Symbol(react.forward_ref),
    "render": [Function],
  },
  "Aruba": Object {
    "$$typeof": Symbol(react.forward_ref),
    "render": [Function],
  },
  "Ascend": Object {
    "$$typeof": Symbol(react.forward_ref),
    "render": [Function],
  },
  "Ascending": Object {
    "$$typeof": Symbol(react.forward_ref),
    "render": [Function],
  },
  "AssistListening": Object {
    "$$typeof": Symbol(react.forward_ref),
    "render": [Function],
  },
  "Atm": Object {
    "$$typeof": Symbol(react.forward_ref),
    "render": [Function],
  },
  "Attachment": Object {
    "$$typeof": Symbol(react.forward_ref),
    "render": [Function],
  },
  "Attraction": Object {
    "$$typeof": Symbol(react.forward_ref),
    "render": [Function],
  },
  "Baby": Object {
    "$$typeof": Symbol(react.forward_ref),
    "render": [Function],
  },
  "BackTen": Object {
    "$$typeof": Symbol(react.forward_ref),
    "render": [Function],
  },
  "Bar": Object {
    "$$typeof": Symbol(react.forward_ref),
    "render": [Function],
  },
  "BarChart": Object {
    "$$typeof": Symbol(react.forward_ref),
    "render": [Function],
  },
  "Basket": Object {
    "$$typeof": Symbol(react.forward_ref),
    "render": [Function],
  },
  "Beacon": Object {
    "$$typeof": Symbol(react.forward_ref),
    "render": [Function],
  },
  "Bike": Object {
    "$$typeof": Symbol(react.forward_ref),
    "render": [Function],
  },
  "Bitcoin": Object {
    "$$typeof": Symbol(react.forward_ref),
    "render": [Function],
  },
  "BladesHorizontal": Object {
    "$$typeof": Symbol(react.forward_ref),
    "render": [Function],
  },
  "BladesVertical": Object {
    "$$typeof": Symbol(react.forward_ref),
    "render": [Function],
  },
  "Blank": [Function],
  "BlockQuote": Object {
    "$$typeof": Symbol(react.forward_ref),
    "render": [Function],
  },
  "Blog": Object {
    "$$typeof": Symbol(react.forward_ref),
    "render": [Function],
  },
  "Bluetooth": Object {
    "$$typeof": Symbol(react.forward_ref),
    "render": [Function],
  },
  "Bold": Object {
    "$$typeof": Symbol(react.forward_ref),
    "render": [Function],
  },
  "Book": Object {
    "$$typeof": Symbol(react.forward_ref),
    "render": [Function],
  },
  "Bookmark": Object {
    "$$typeof": Symbol(react.forward_ref),
    "render": [Function],
  },
  "BottomCorner": Object {
    "$$typeof": Symbol(react.forward_ref),
    "render": [Function],
  },
  "Braille": Object {
    "$$typeof": Symbol(react.forward_ref),
    "render": [Function],
  },
  "Briefcase": Object {
    "$$typeof": Symbol(react.forward_ref),
    "render": [Function],
  },
  "Brush": Object {
    "$$typeof": Symbol(react.forward_ref),
    "render": [Function],
  },
  "Bug": Object {
    "$$typeof": Symbol(react.forward_ref),
    "render": [Function],
  },
  "Bundle": Object {
    "$$typeof": Symbol(react.forward_ref),
    "render": [Function],
  },
  "Bus": Object {
    "$$typeof": Symbol(react.forward_ref),
    "render": [Function],
  },
  "BusinessService": Object {
    "$$typeof": Symbol(react.forward_ref),
    "render": [Function],
  },
  "Cafeteria": Object {
    "$$typeof": Symbol(react.forward_ref),
    "render": [Function],
  },
  "Calculator": Object {
    "$$typeof": Symbol(react.forward_ref),
    "render": [Function],
  },
  "Calendar": Object {
    "$$typeof": Symbol(react.forward_ref),
    "render": [Function],
  },
  "Camera": Object {
    "$$typeof": Symbol(react.forward_ref),
    "render": [Function],
  },
  "Capacity": Object {
    "$$typeof": Symbol(react.forward_ref),
    "render": [Function],
  },
  "Car": Object {
    "$$typeof": Symbol(react.forward_ref),
    "render": [Function],
  },
  "CaretDown": Object {
    "$$typeof": Symbol(react.forward_ref),
    "render": [Function],
  },
  "CaretDownFill": Object {
    "$$typeof": Symbol(react.forward_ref),
    "render": [Function],
  },
  "CaretLeftFill": Object {
    "$$typeof": Symbol(react.forward_ref),
    "render": [Function],
  },
  "CaretNext": Object {
    "$$typeof": Symbol(react.forward_ref),
    "render": [Function],
  },
  "CaretPrevious": Object {
    "$$typeof": Symbol(react.forward_ref),
    "render": [Function],
  },
  "CaretRightFill": Object {
    "$$typeof": Symbol(react.forward_ref),
    "render": [Function],
  },
  "CaretUp": Object {
    "$$typeof": Symbol(react.forward_ref),
    "render": [Function],
  },
  "CaretUpFill": Object {
    "$$typeof": Symbol(react.forward_ref),
    "render": [Function],
  },
  "Cart": Object {
    "$$typeof": Symbol(react.forward_ref),
    "render": [Function],
  },
  "Catalog": Object {
    "$$typeof": Symbol(react.forward_ref),
    "render": [Function],
  },
  "CatalogOption": Object {
    "$$typeof": Symbol(react.forward_ref),
    "render": [Function],
  },
  "Centos": Object {
    "$$typeof": Symbol(react.forward_ref),
    "render": [Function],
  },
  "Certificate": Object {
    "$$typeof": Symbol(react.forward_ref),
    "render": [Function],
  },
  "Channel": Object {
    "$$typeof": Symbol(react.forward_ref),
    "render": [Function],
  },
  "ChapterAdd": Object {
    "$$typeof": Symbol(react.forward_ref),
    "render": [Function],
  },
  "ChapterNext": Object {
    "$$typeof": Symbol(react.forward_ref),
    "render": [Function],
  },
  "ChapterPrevious": Object {
    "$$typeof": Symbol(react.forward_ref),
    "render": [Function],
  },
  "Chat": Object {
    "$$typeof": Symbol(react.forward_ref),
    "render": [Function],
  },
  "ChatOption": Object {
    "$$typeof": Symbol(react.forward_ref),
    "render": [Function],
  },
  "Checkbox": Object {
    "$$typeof": Symbol(react.forward_ref),
    "render": [Function],
  },
  "CheckboxSelected": Object {
    "$$typeof": Symbol(react.forward_ref),
    "render": [Function],
  },
  "Checkmark": Object {
    "$$typeof": Symbol(react.forward_ref),
    "render": [Function],
  },
  "Chrome": Object {
    "$$typeof": Symbol(react.forward_ref),
    "render": [Function],
  },
  "CircleAlert": Object {
    "$$typeof": Symbol(react.forward_ref),
    "render": [Function],
  },
  "CircleInformation": Object {
    "$$typeof": Symbol(react.forward_ref),
    "render": [Function],
  },
  "CirclePlay": Object {
    "$$typeof": Symbol(react.forward_ref),
    "render": [Function],
  },
  "CircleQuestion": Object {
    "$$typeof": Symbol(react.forward_ref),
    "render": [Function],
  },
  "Clear": Object {
    "$$typeof": Symbol(react.forward_ref),
    "render": [Function],
  },
  "ClearOption": Object {
    "$$typeof": Symbol(react.forward_ref),
    "render": [Function],
  },
  "Cli": Object {
    "$$typeof": Symbol(react.forward_ref),
    "render": [Function],
  },
  "Clipboard": Object {
    "$$typeof": Symbol(react.forward_ref),
    "render": [Function],
  },
  "Clock": Object {
    "$$typeof": Symbol(react.forward_ref),
    "render": [Function],
  },
  "Clone": Object {
    "$$typeof": Symbol(react.forward_ref),
    "render": [Function],
  },
  "Close": Object {
    "$$typeof": Symbol(react.forward_ref),
    "render": [Function],
  },
  "ClosedCaption": Object {
    "$$typeof": Symbol(react.forward_ref),
    "render": [Function],
  },
  "Cloud": Object {
    "$$typeof": Symbol(react.forward_ref),
    "render": [Function],
  },
  "CloudComputer": Object {
    "$$typeof": Symbol(react.forward_ref),
    "render": [Function],
  },
  "CloudDownload": Object {
    "$$typeof": Symbol(react.forward_ref),
    "render": [Function],
  },
  "CloudSoftware": Object {
    "$$typeof": Symbol(react.forward_ref),
    "render": [Function],
  },
  "CloudUpload": Object {
    "$$typeof": Symbol(react.forward_ref),
    "render": [Function],
  },
  "Cloudlinux": Object {
    "$$typeof": Symbol(react.forward_ref),
    "render": [Function],
  },
  "Cluster": Object {
    "$$typeof": Symbol(react.forward_ref),
    "render": [Function],
  },
  "CoatCheck": Object {
    "$$typeof": Symbol(react.forward_ref),
    "render": [Function],
  },
  "Code": Object {
    "$$typeof": Symbol(react.forward_ref),
    "render": [Function],
  },
  "CodeSandbox": Object {
    "$$typeof": Symbol(react.forward_ref),
    "render": [Function],
  },
  "Codepen": Object {
    "$$typeof": Symbol(react.forward_ref),
    "render": [Function],
  },
  "Coffee": Object {
    "$$typeof": Symbol(react.forward_ref),
    "render": [Function],
  },
  "Columns": Object {
    "$$typeof": Symbol(react.forward_ref),
    "render": [Function],
  },
  "Command": Object {
    "$$typeof": Symbol(react.forward_ref),
    "render": [Function],
  },
  "Compare": Object {
    "$$typeof": Symbol(react.forward_ref),
    "render": [Function],
  },
  "Compass": Object {
    "$$typeof": Symbol(react.forward_ref),
    "render": [Function],
  },
  "Compliance": Object {
    "$$typeof": Symbol(react.forward_ref),
    "render": [Function],
  },
  "Configure": Object {
    "$$typeof": Symbol(react.forward_ref),
    "render": [Function],
  },
  "Connect": Object {
    "$$typeof": Symbol(react.forward_ref),
    "render": [Function],
  },
  "Connectivity": Object {
    "$$typeof": Symbol(react.forward_ref),
    "render": [Function],
  },
  "Console": Object {
    "$$typeof": Symbol(react.forward_ref),
    "render": [Function],
  },
  "Contact": Object {
    "$$typeof": Symbol(react.forward_ref),
    "render": [Function],
  },
  "ContactInfo": Object {
    "$$typeof": Symbol(react.forward_ref),
    "render": [Function],
  },
  "Contract": Object {
    "$$typeof": Symbol(react.forward_ref),
    "render": [Function],
  },
  "Copy": Object {
    "$$typeof": Symbol(react.forward_ref),
    "render": [Function],
  },
  "Cpu": Object {
    "$$typeof": Symbol(react.forward_ref),
    "render": [Function],
  },
  "CreativeCommons": Object {
    "$$typeof": Symbol(react.forward_ref),
    "render": [Function],
  },
  "CreditCard": Object {
    "$$typeof": Symbol(react.forward_ref),
    "render": [Function],
  },
  "Css3": Object {
    "$$typeof": Symbol(react.forward_ref),
    "render": [Function],
  },
  "Cube": Object {
    "$$typeof": Symbol(react.forward_ref),
    "render": [Function],
  },
  "Cubes": Object {
    "$$typeof": Symbol(react.forward_ref),
    "render": [Function],
  },
  "Currency": Object {
    "$$typeof": Symbol(react.forward_ref),
    "render": [Function],
  },
  "Cursor": Object {
    "$$typeof": Symbol(react.forward_ref),
    "render": [Function],
  },
  "Cut": Object {
    "$$typeof": Symbol(react.forward_ref),
    "render": [Function],
  },
  "Cycle": Object {
    "$$typeof": Symbol(react.forward_ref),
    "render": [Function],
  },
  "Dashboard": Object {
    "$$typeof": Symbol(react.forward_ref),
    "render": [Function],
  },
  "Database": Object {
    "$$typeof": Symbol(react.forward_ref),
    "render": [Function],
  },
  "Debian": Object {
    "$$typeof": Symbol(react.forward_ref),
    "render": [Function],
  },
  "Deliver": Object {
    "$$typeof": Symbol(react.forward_ref),
    "render": [Function],
  },
  "Deploy": Object {
    "$$typeof": Symbol(react.forward_ref),
    "render": [Function],
  },
  "Descend": Object {
    "$$typeof": Symbol(react.forward_ref),
    "render": [Function],
  },
  "Descending": Object {
    "$$typeof": Symbol(react.forward_ref),
    "render": [Function],
  },
  "Desktop": Object {
    "$$typeof": Symbol(react.forward_ref),
    "render": [Function],
  },
  "Detach": Object {
    "$$typeof": Symbol(react.forward_ref),
    "render": [Function],
  },
  "Device": Object {
    "$$typeof": Symbol(react.forward_ref),
    "render": [Function],
  },
  "Diamond": Object {
    "$$typeof": Symbol(react.forward_ref),
    "render": [Function],
  },
  "Directions": Object {
    "$$typeof": Symbol(react.forward_ref),
    "render": [Function],
  },
  "DisabledOutline": Object {
    "$$typeof": Symbol(react.forward_ref),
    "render": [Function],
  },
  "Disc": Object {
    "$$typeof": Symbol(react.forward_ref),
    "render": [Function],
  },
  "Dislike": Object {
    "$$typeof": Symbol(react.forward_ref),
    "render": [Function],
  },
  "Docker": Object {
    "$$typeof": Symbol(react.forward_ref),
    "render": [Function],
  },
  "Document": Object {
    "$$typeof": Symbol(react.forward_ref),
    "render": [Function],
  },
  "DocumentCloud": Object {
    "$$typeof": Symbol(react.forward_ref),
    "render": [Function],
  },
  "DocumentConfig": Object {
    "$$typeof": Symbol(react.forward_ref),
    "render": [Function],
  },
  "DocumentCsv": Object {
    "$$typeof": Symbol(react.forward_ref),
    "render": [Function],
  },
  "DocumentDownload": Object {
    "$$typeof": Symbol(react.forward_ref),
    "render": [Function],
  },
  "DocumentExcel": Object {
    "$$typeof": Symbol(react.forward_ref),
    "render": [Function],
  },
  "DocumentImage": Object {
    "$$typeof": Symbol(react.forward_ref),
    "render": [Function],
  },
  "DocumentLocked": Object {
    "$$typeof": Symbol(react.forward_ref),
    "render": [Function],
  },
  "DocumentMissing": Object {
    "$$typeof": Symbol(react.forward_ref),
    "render": [Function],
  },
  "DocumentNotes": Object {
    "$$typeof": Symbol(react.forward_ref),
    "render": [Function],
  },
  "DocumentOutlook": Object {
    "$$typeof": Symbol(react.forward_ref),
    "render": [Function],
  },
  "DocumentPdf": Object {
    "$$typeof": Symbol(react.forward_ref),
    "render": [Function],
  },
  "DocumentPerformance": Object {
    "$$typeof": Symbol(react.forward_ref),
    "render": [Function],
  },
  "DocumentPpt": Object {
    "$$typeof": Symbol(react.forward_ref),
    "render": [Function],
  },
  "DocumentRtf": Object {
    "$$typeof": Symbol(react.forward_ref),
    "render": [Function],
  },
  "DocumentSound": Object {
    "$$typeof": Symbol(react.forward_ref),
    "render": [Function],
  },
  "DocumentStore": Object {
    "$$typeof": Symbol(react.forward_ref),
    "render": [Function],
  },
  "DocumentTest": Object {
    "$$typeof": Symbol(react.forward_ref),
    "render": [Function],
  },
  "DocumentText": Object {
    "$$typeof": Symbol(react.forward_ref),
    "render": [Function],
  },
  "DocumentThreat": Object {
    "$$typeof": Symbol(react.forward_ref),
    "render": [Function],
  },
  "DocumentTime": Object {
    "$$typeof": Symbol(react.forward_ref),
    "render": [Function],
  },
  "DocumentTransfer": Object {
    "$$typeof": Symbol(react.forward_ref),
    "render": [Function],
  },
  "DocumentTxt": Object {
    "$$typeof": Symbol(react.forward_ref),
    "render": [Function],
  },
  "DocumentUpdate": Object {
    "$$typeof": Symbol(react.forward_ref),
    "render": [Function],
  },
  "DocumentUpload": Object {
    "$$typeof": Symbol(react.forward_ref),
    "render": [Function],
  },
  "DocumentUser": Object {
    "$$typeof": Symbol(react.forward_ref),
    "render": [Function],
  },
  "DocumentVerified": Object {
    "$$typeof": Symbol(react.forward_ref),
    "render": [Function],
  },
  "DocumentVideo": Object {
    "$$typeof": Symbol(react.forward_ref),
    "render": [Function],
  },
  "DocumentWindows": Object {
    "$$typeof": Symbol(react.forward_ref),
    "render": [Function],
  },
  "DocumentWord": Object {
    "$$typeof": Symbol(react.forward_ref),
    "render": [Function],
  },
  "DocumentZip": Object {
    "$$typeof": Symbol(react.forward_ref),
    "render": [Function],
  },
  "Domain": Object {
    "$$typeof": Symbol(react.forward_ref),
    "render": [Function],
  },
  "Dos": Object {
    "$$typeof": Symbol(react.forward_ref),
    "render": [Function],
  },
  "Down": Object {
    "$$typeof": Symbol(react.forward_ref),
    "render": [Function],
  },
  "Download": Object {
    "$$typeof": Symbol(react.forward_ref),
    "render": [Function],
  },
  "DownloadOption": Object {
    "$$typeof": Symbol(react.forward_ref),
    "render": [Function],
  },
  "Drag": Object {
    "$$typeof": Symbol(react.forward_ref),
    "render": [Function],
  },
  "Drawer": Object {
    "$$typeof": Symbol(react.forward_ref),
    "render": [Function],
  },
  "Dribbble": Object {
    "$$typeof": Symbol(react.forward_ref),
    "render": [Function],
  },
  "DriveCage": Object {
    "$$typeof": Symbol(react.forward_ref),
    "render": [Function],
  },
  "Dropbox": Object {
    "$$typeof": Symbol(react.forward_ref),
    "render": [Function],
  },
  "Duplicate": Object {
    "$$typeof": Symbol(react.forward_ref),
    "render": [Function],
  },
  "Dxc": Object {
    "$$typeof": Symbol(react.forward_ref),
    "render": [Function],
  },
  "Ebay": Object {
    "$$typeof": Symbol(react.forward_ref),
    "render": [Function],
  },
  "Edge": Object {
    "$$typeof": Symbol(react.forward_ref),
    "render": [Function],
  },
  "Edit": Object {
    "$$typeof": Symbol(react.forward_ref),
    "render": [Function],
  },
  "Eject": Object {
    "$$typeof": Symbol(react.forward_ref),
    "render": [Function],
  },
  "Elevator": Object {
    "$$typeof": Symbol(react.forward_ref),
    "render": [Function],
  },
  "Emergency": Object {
    "$$typeof": Symbol(react.forward_ref),
    "render": [Function],
  },
  "Emoji": Object {
    "$$typeof": Symbol(react.forward_ref),
    "render": [Function],
  },
  "EmptyCircle": Object {
    "$$typeof": Symbol(react.forward_ref),
    "render": [Function],
  },
  "Erase": Object {
    "$$typeof": Symbol(react.forward_ref),
    "render": [Function],
  },
  "Escalator": Object {
    "$$typeof": Symbol(react.forward_ref),
    "render": [Function],
  },
  "Expand": Object {
    "$$typeof": Symbol(react.forward_ref),
    "render": [Function],
  },
  "Ezmeral": Object {
    "$$typeof": Symbol(react.forward_ref),
    "render": [Function],
  },
  "Facebook": Object {
    "$$typeof": Symbol(react.forward_ref),
    "render": [Function],
  },
  "FacebookOption": Object {
    "$$typeof": Symbol(react.forward_ref),
    "render": [Function],
  },
  "Fan": Object {
    "$$typeof": Symbol(react.forward_ref),
    "render": [Function],
  },
  "FanOption": Object {
    "$$typeof": Symbol(react.forward_ref),
    "render": [Function],
  },
  "FastForward": Object {
    "$$typeof": Symbol(react.forward_ref),
    "render": [Function],
  },
  "Favorite": Object {
    "$$typeof": Symbol(react.forward_ref),
    "render": [Function],
  },
  "Fedora": Object {
    "$$typeof": Symbol(react.forward_ref),
    "render": [Function],
  },
  "Figma": Object {
    "$$typeof": Symbol(react.forward_ref),
    "render": [Function],
  },
  "Filter": Object {
    "$$typeof": Symbol(react.forward_ref),
    "render": [Function],
  },
  "FingerPrint": Object {
    "$$typeof": Symbol(react.forward_ref),
    "render": [Function],
  },
  "Fireball": Object {
    "$$typeof": Symbol(react.forward_ref),
    "render": [Function],
  },
  "Firefox": Object {
    "$$typeof": Symbol(react.forward_ref),
    "render": [Function],
  },
  "Firewall": Object {
    "$$typeof": Symbol(react.forward_ref),
    "render": [Function],
  },
  "Flag": Object {
    "$$typeof": Symbol(react.forward_ref),
    "render": [Function],
  },
  "FlagFill": Object {
    "$$typeof": Symbol(react.forward_ref),
    "render": [Function],
  },
  "Flows": Object {
    "$$typeof": Symbol(react.forward_ref),
    "render": [Function],
  },
  "Folder": Object {
    "$$typeof": Symbol(react.forward_ref),
    "render": [Function],
  },
  "FolderCycle": Object {
    "$$typeof": Symbol(react.forward_ref),
    "render": [Function],
  },
  "FolderOpen": Object {
    "$$typeof": Symbol(react.forward_ref),
    "render": [Function],
  },
  "FormAdd": Object {
    "$$typeof": Symbol(react.forward_ref),
    "render": [Function],
  },
  "FormAttachment": Object {
    "$$typeof": Symbol(react.forward_ref),
    "render": [Function],
  },
  "FormCalendar": Object {
    "$$typeof": Symbol(react.forward_ref),
    "render": [Function],
  },
  "FormCheckmark": Object {
    "$$typeof": Symbol(react.forward_ref),
    "render": [Function],
  },
  "FormClock": Object {
    "$$typeof": Symbol(react.forward_ref),
    "render": [Function],
  },
  "FormClose": Object {
    "$$typeof": Symbol(react.forward_ref),
    "render": [Function],
  },
  "FormCut": Object {
    "$$typeof": Symbol(react.forward_ref),
    "render": [Function],
  },
  "FormDown": Object {
    "$$typeof": Symbol(react.forward_ref),
    "render": [Function],
  },
  "FormEdit": Object {
    "$$typeof": Symbol(react.forward_ref),
    "render": [Function],
  },
  "FormFilter": Object {
    "$$typeof": Symbol(react.forward_ref),
    "render": [Function],
  },
  "FormFolder": Object {
    "$$typeof": Symbol(react.forward_ref),
    "render": [Function],
  },
  "FormLocation": Object {
    "$$typeof": Symbol(react.forward_ref),
    "render": [Function],
  },
  "FormLock": Object {
    "$$typeof": Symbol(react.forward_ref),
    "render": [Function],
  },
  "FormNext": Object {
    "$$typeof": Symbol(react.forward_ref),
    "render": [Function],
  },
  "FormNextLink": Object {
    "$$typeof": Symbol(react.forward_ref),
    "render": [Function],
  },
  "FormPrevious": Object {
    "$$typeof": Symbol(react.forward_ref),
    "render": [Function],
  },
  "FormPreviousLink": Object {
    "$$typeof": Symbol(react.forward_ref),
    "render": [Function],
  },
  "FormRefresh": Object {
    "$$typeof": Symbol(react.forward_ref),
    "render": [Function],
  },
  "FormSchedule": Object {
    "$$typeof": Symbol(react.forward_ref),
    "render": [Function],
  },
  "FormSearch": Object {
    "$$typeof": Symbol(react.forward_ref),
    "render": [Function],
  },
  "FormSubtract": Object {
    "$$typeof": Symbol(react.forward_ref),
    "render": [Function],
  },
  "FormTrash": Object {
    "$$typeof": Symbol(react.forward_ref),
    "render": [Function],
  },
  "FormUp": Object {
    "$$typeof": Symbol(react.forward_ref),
    "render": [Function],
  },
  "FormUpload": Object {
    "$$typeof": Symbol(react.forward_ref),
    "render": [Function],
  },
  "FormView": Object {
    "$$typeof": Symbol(react.forward_ref),
    "render": [Function],
  },
  "FormViewHide": Object {
    "$$typeof": Symbol(react.forward_ref),
    "render": [Function],
  },
  "ForwardTen": Object {
    "$$typeof": Symbol(react.forward_ref),
    "render": [Function],
  },
  "Freebsd": Object {
    "$$typeof": Symbol(react.forward_ref),
    "render": [Function],
  },
  "Gallery": Object {
    "$$typeof": Symbol(react.forward_ref),
    "render": [Function],
  },
  "Gamepad": Object {
    "$$typeof": Symbol(react.forward_ref),
    "render": [Function],
  },
  "Gateway": Object {
    "$$typeof": Symbol(react.forward_ref),
    "render": [Function],
  },
  "Gatsbyjs": Object {
    "$$typeof": Symbol(react.forward_ref),
    "render": [Function],
  },
  "Gem": Object {
    "$$typeof": Symbol(react.forward_ref),
    "render": [Function],
  },
  "Gift": Object {
    "$$typeof": Symbol(react.forward_ref),
    "render": [Function],
  },
  "Github": Object {
    "$$typeof": Symbol(react.forward_ref),
    "render": [Function],
  },
  "Globe": Object {
    "$$typeof": Symbol(react.forward_ref),
    "render": [Function],
  },
  "Golang": Object {
    "$$typeof": Symbol(react.forward_ref),
    "render": [Function],
  },
  "Google": Object {
    "$$typeof": Symbol(react.forward_ref),
    "render": [Function],
  },
  "GooglePlay": Object {
    "$$typeof": Symbol(react.forward_ref),
    "render": [Function],
  },
  "GooglePlus": Object {
    "$$typeof": Symbol(react.forward_ref),
    "render": [Function],
  },
  "GoogleWallet": Object {
    "$$typeof": Symbol(react.forward_ref),
    "render": [Function],
  },
  "GraphQl": Object {
    "$$typeof": Symbol(react.forward_ref),
    "render": [Function],
  },
  "Gremlin": Object {
    "$$typeof": Symbol(react.forward_ref),
    "render": [Function],
  },
  "Grid": Object {
    "$$typeof": Symbol(react.forward_ref),
    "render": [Function],
  },
  "Grommet": Object {
    "$$typeof": Symbol(react.forward_ref),
    "render": [Function],
  },
  "Group": Object {
    "$$typeof": Symbol(react.forward_ref),
    "render": [Function],
  },
  "Grow": Object {
    "$$typeof": Symbol(react.forward_ref),
    "render": [Function],
  },
  "Hadoop": Object {
    "$$typeof": Symbol(react.forward_ref),
    "render": [Function],
  },
  "Halt": Object {
    "$$typeof": Symbol(react.forward_ref),
    "render": [Function],
  },
  "Help": Object {
    "$$typeof": Symbol(react.forward_ref),
    "render": [Function],
  },
  "HelpOption": Object {
    "$$typeof": Symbol(react.forward_ref),
    "render": [Function],
  },
  "Heroku": Object {
    "$$typeof": Symbol(react.forward_ref),
    "render": [Function],
  },
  "Hide": Object {
    "$$typeof": Symbol(react.forward_ref),
    "render": [Function],
  },
  "History": Object {
    "$$typeof": Symbol(react.forward_ref),
    "render": [Function],
  },
  "Home": Object {
    "$$typeof": Symbol(react.forward_ref),
    "render": [Function],
  },
  "HomeOption": Object {
    "$$typeof": Symbol(react.forward_ref),
    "render": [Function],
  },
  "HomeRounded": Object {
    "$$typeof": Symbol(react.forward_ref),
    "render": [Function],
  },
  "Horton": Object {
    "$$typeof": Symbol(react.forward_ref),
    "render": [Function],
  },
  "Host": Object {
    "$$typeof": Symbol(react.forward_ref),
    "render": [Function],
  },
  "HostMaintenance": Object {
    "$$typeof": Symbol(react.forward_ref),
    "render": [Function],
  },
  "Hp": Object {
    "$$typeof": Symbol(react.forward_ref),
    "render": [Function],
  },
  "Hpe": Object {
    "$$typeof": Symbol(react.forward_ref),
    "render": [Function],
  },
  "HpeLabs": Object {
    "$$typeof": Symbol(react.forward_ref),
    "render": [Function],
  },
  "Hpi": Object {
    "$$typeof": Symbol(react.forward_ref),
    "render": [Function],
  },
  "Html5": Object {
    "$$typeof": Symbol(react.forward_ref),
    "render": [Function],
  },
  "IceCream": Object {
    "$$typeof": Symbol(react.forward_ref),
    "render": [Function],
  },
  "Image": Object {
    "$$typeof": Symbol(react.forward_ref),
    "render": [Function],
  },
  "Impact": Object {
    "$$typeof": Symbol(react.forward_ref),
    "render": [Function],
  },
  "InProgress": Object {
    "$$typeof": Symbol(react.forward_ref),
    "render": [Function],
  },
  "Inbox": Object {
    "$$typeof": Symbol(react.forward_ref),
    "render": [Function],
  },
  "Indicator": Object {
    "$$typeof": Symbol(react.forward_ref),
    "render": [Function],
  },
  "Info": Object {
    "$$typeof": Symbol(react.forward_ref),
    "render": [Function],
  },
  "Inherit": Object {
    "$$typeof": Symbol(react.forward_ref),
    "render": [Function],
  },
  "Insecure": Object {
    "$$typeof": Symbol(react.forward_ref),
    "render": [Function],
  },
  "Inspect": Object {
    "$$typeof": Symbol(react.forward_ref),
    "render": [Function],
  },
  "Instagram": Object {
    "$$typeof": Symbol(react.forward_ref),
    "render": [Function],
  },
  "Install": Object {
    "$$typeof": Symbol(react.forward_ref),
    "render": [Function],
  },
  "InstallOption": Object {
    "$$typeof": Symbol(react.forward_ref),
    "render": [Function],
  },
  "Integration": Object {
    "$$typeof": Symbol(react.forward_ref),
    "render": [Function],
  },
  "InternetExplorer": Object {
    "$$typeof": Symbol(react.forward_ref),
    "render": [Function],
  },
  "Italic": Object {
    "$$typeof": Symbol(react.forward_ref),
    "render": [Function],
  },
  "Iteration": Object {
    "$$typeof": Symbol(react.forward_ref),
    "render": [Function],
  },
  "Java": Object {
    "$$typeof": Symbol(react.forward_ref),
    "render": [Function],
  },
  "Js": Object {
    "$$typeof": Symbol(react.forward_ref),
    "render": [Function],
  },
  "Key": Object {
    "$$typeof": Symbol(react.forward_ref),
    "render": [Function],
  },
  "Keyboard": Object {
    "$$typeof": Symbol(react.forward_ref),
    "render": [Function],
  },
  "Language": Object {
    "$$typeof": Symbol(react.forward_ref),
    "render": [Function],
  },
  "Lastfm": Object {
    "$$typeof": Symbol(react.forward_ref),
    "render": [Function],
  },
  "Launch": Object {
    "$$typeof": Symbol(react.forward_ref),
    "render": [Function],
  },
  "Layer": Object {
    "$$typeof": Symbol(react.forward_ref),
    "render": [Function],
  },
  "License": Object {
    "$$typeof": Symbol(react.forward_ref),
    "render": [Function],
  },
  "Like": Object {
    "$$typeof": Symbol(react.forward_ref),
    "render": [Function],
  },
  "LineChart": Object {
    "$$typeof": Symbol(react.forward_ref),
    "render": [Function],
  },
  "Link": Object {
    "$$typeof": Symbol(react.forward_ref),
    "render": [Function],
  },
  "LinkBottom": Object {
    "$$typeof": Symbol(react.forward_ref),
    "render": [Function],
  },
  "LinkDown": Object {
    "$$typeof": Symbol(react.forward_ref),
    "render": [Function],
  },
  "LinkNext": Object {
    "$$typeof": Symbol(react.forward_ref),
    "render": [Function],
  },
  "LinkPrevious": Object {
    "$$typeof": Symbol(react.forward_ref),
    "render": [Function],
  },
  "LinkTop": Object {
    "$$typeof": Symbol(react.forward_ref),
    "render": [Function],
  },
  "LinkUp": Object {
    "$$typeof": Symbol(react.forward_ref),
    "render": [Function],
  },
  "Linkedin": Object {
    "$$typeof": Symbol(react.forward_ref),
    "render": [Function],
  },
  "LinkedinOption": Object {
    "$$typeof": Symbol(react.forward_ref),
    "render": [Function],
  },
  "List": Object {
    "$$typeof": Symbol(react.forward_ref),
    "render": [Function],
  },
  "Local": Object {
    "$$typeof": Symbol(react.forward_ref),
    "render": [Function],
  },
  "Location": Object {
    "$$typeof": Symbol(react.forward_ref),
    "render": [Function],
  },
  "LocationPin": Object {
    "$$typeof": Symbol(react.forward_ref),
    "render": [Function],
  },
  "Lock": Object {
    "$$typeof": Symbol(react.forward_ref),
    "render": [Function],
  },
  "Login": Object {
    "$$typeof": Symbol(react.forward_ref),
    "render": [Function],
  },
  "Logout": Object {
    "$$typeof": Symbol(react.forward_ref),
    "render": [Function],
  },
  "Lounge": Object {
    "$$typeof": Symbol(react.forward_ref),
    "render": [Function],
  },
  "Magic": Object {
    "$$typeof": Symbol(react.forward_ref),
    "render": [Function],
  },
  "Mail": Object {
    "$$typeof": Symbol(react.forward_ref),
    "render": [Function],
  },
  "MailOption": Object {
    "$$typeof": Symbol(react.forward_ref),
    "render": [Function],
  },
  "Mandriva": Object {
    "$$typeof": Symbol(react.forward_ref),
    "render": [Function],
  },
  "Manual": Object {
    "$$typeof": Symbol(react.forward_ref),
    "render": [Function],
  },
  "Map": Object {
    "$$typeof": Symbol(react.forward_ref),
    "render": [Function],
  },
  "MapLocation": Object {
    "$$typeof": Symbol(react.forward_ref),
    "render": [Function],
  },
  "Mastercard": Object {
    "$$typeof": Symbol(react.forward_ref),
    "render": [Function],
  },
  "Medium": Object {
    "$$typeof": Symbol(react.forward_ref),
    "render": [Function],
  },
  "Memory": Object {
    "$$typeof": Symbol(react.forward_ref),
    "render": [Function],
  },
  "Menu": Object {
    "$$typeof": Symbol(react.forward_ref),
    "render": [Function],
  },
  "Microfocus": Object {
    "$$typeof": Symbol(react.forward_ref),
    "render": [Function],
  },
  "Microphone": Object {
    "$$typeof": Symbol(react.forward_ref),
    "render": [Function],
  },
  "Money": Object {
    "$$typeof": Symbol(react.forward_ref),
    "render": [Function],
  },
  "Monitor": Object {
    "$$typeof": Symbol(react.forward_ref),
    "render": [Function],
  },
  "Monospace": Object {
    "$$typeof": Symbol(react.forward_ref),
    "render": [Function],
  },
  "Moon": Object {
    "$$typeof": Symbol(react.forward_ref),
    "render": [Function],
  },
  "More": Object {
    "$$typeof": Symbol(react.forward_ref),
    "render": [Function],
  },
  "MoreVertical": Object {
    "$$typeof": Symbol(react.forward_ref),
    "render": [Function],
  },
  "Mouse": Object {
    "$$typeof": Symbol(react.forward_ref),
    "render": [Function],
  },
  "Multimedia": Object {
    "$$typeof": Symbol(react.forward_ref),
    "render": [Function],
  },
  "Multiple": Object {
    "$$typeof": Symbol(react.forward_ref),
    "render": [Function],
  },
  "Music": Object {
    "$$typeof": Symbol(react.forward_ref),
    "render": [Function],
  },
  "Mysql": Object {
    "$$typeof": Symbol(react.forward_ref),
    "render": [Function],
  },
  "Navigate": Object {
    "$$typeof": Symbol(react.forward_ref),
    "render": [Function],
  },
  "Network": Object {
    "$$typeof": Symbol(react.forward_ref),
    "render": [Function],
  },
  "NetworkDrive": Object {
    "$$typeof": Symbol(react.forward_ref),
    "render": [Function],
  },
  "New": Object {
    "$$typeof": Symbol(react.forward_ref),
    "render": [Function],
  },
  "NewWindow": Object {
    "$$typeof": Symbol(react.forward_ref),
    "render": [Function],
  },
  "Next": Object {
    "$$typeof": Symbol(react.forward_ref),
    "render": [Function],
  },
  "Node": Object {
    "$$typeof": Symbol(react.forward_ref),
    "render": [Function],
  },
  "Nodes": Object {
    "$$typeof": Symbol(react.forward_ref),
    "render": [Function],
  },
  "Norton": Object {
    "$$typeof": Symbol(react.forward_ref),
    "render": [Function],
  },
  "Note": Object {
    "$$typeof": Symbol(react.forward_ref),
    "render": [Function],
  },
  "Notes": Object {
    "$$typeof": Symbol(react.forward_ref),
    "render": [Function],
  },
  "Notification": Object {
    "$$typeof": Symbol(react.forward_ref),
    "render": [Function],
  },
  "Npm": Object {
    "$$typeof": Symbol(react.forward_ref),
    "render": [Function],
  },
  "ObjectGroup": Object {
    "$$typeof": Symbol(react.forward_ref),
    "render": [Function],
  },
  "ObjectUngroup": Object {
    "$$typeof": Symbol(react.forward_ref),
    "render": [Function],
  },
  "OfflineStorage": Object {
    "$$typeof": Symbol(react.forward_ref),
    "render": [Function],
  },
  "Onedrive": Object {
    "$$typeof": Symbol(react.forward_ref),
    "render": [Function],
  },
  "Opera": Object {
    "$$typeof": Symbol(react.forward_ref),
    "render": [Function],
  },
  "Optimize": Object {
    "$$typeof": Symbol(react.forward_ref),
    "render": [Function],
  },
  "Oracle": Object {
    "$$typeof": Symbol(react.forward_ref),
    "render": [Function],
  },
  "OrderedList": Object {
    "$$typeof": Symbol(react.forward_ref),
    "render": [Function],
  },
  "Organization": Object {
    "$$typeof": Symbol(react.forward_ref),
    "render": [Function],
  },
  "Overview": Object {
    "$$typeof": Symbol(react.forward_ref),
    "render": [Function],
  },
  "Package": Object {
    "$$typeof": Symbol(react.forward_ref),
    "render": [Function],
  },
  "Paint": Object {
    "$$typeof": Symbol(react.forward_ref),
    "render": [Function],
  },
  "Pan": Object {
    "$$typeof": Symbol(react.forward_ref),
    "render": [Function],
  },
  "Pause": Object {
    "$$typeof": Symbol(react.forward_ref),
    "render": [Function],
  },
  "PauseFill": Object {
    "$$typeof": Symbol(react.forward_ref),
    "render": [Function],
  },
  "Paypal": Object {
    "$$typeof": Symbol(react.forward_ref),
    "render": [Function],
  },
  "Performance": Object {
    "$$typeof": Symbol(react.forward_ref),
    "render": [Function],
  },
  "PersonalComputer": Object {
    "$$typeof": Symbol(react.forward_ref),
    "render": [Function],
  },
  "Phone": Object {
    "$$typeof": Symbol(react.forward_ref),
    "render": [Function],
  },
  "PhoneFlip": Object {
    "$$typeof": Symbol(react.forward_ref),
    "render": [Function],
  },
  "PhoneHorizontal": Object {
    "$$typeof": Symbol(react.forward_ref),
    "render": [Function],
  },
  "PhoneVertical": Object {
    "$$typeof": Symbol(react.forward_ref),
    "render": [Function],
  },
  "PieChart": Object {
    "$$typeof": Symbol(react.forward_ref),
    "render": [Function],
  },
  "PiedPiper": Object {
    "$$typeof": Symbol(react.forward_ref),
    "render": [Function],
  },
  "Pin": Object {
    "$$typeof": Symbol(react.forward_ref),
    "render": [Function],
  },
  "Pinterest": Object {
    "$$typeof": Symbol(react.forward_ref),
    "render": [Function],
  },
  "Plan": Object {
    "$$typeof": Symbol(react.forward_ref),
    "render": [Function],
  },
  "Play": Object {
    "$$typeof": Symbol(react.forward_ref),
    "render": [Function],
  },
  "PlayFill": Object {
    "$$typeof": Symbol(react.forward_ref),
    "render": [Function],
  },
  "Plug": Object {
    "$$typeof": Symbol(react.forward_ref),
    "render": [Function],
  },
  "Pocket": Object {
    "$$typeof": Symbol(react.forward_ref),
    "render": [Function],
  },
  "Power": Object {
    "$$typeof": Symbol(react.forward_ref),
    "render": [Function],
  },
  "PowerCycle": Object {
    "$$typeof": Symbol(react.forward_ref),
    "render": [Function],
  },
  "PowerForceShutdown": Object {
    "$$typeof": Symbol(react.forward_ref),
    "render": [Function],
  },
  "PowerReset": Object {
    "$$typeof": Symbol(react.forward_ref),
    "render": [Function],
  },
  "PowerShutdown": Object {
    "$$typeof": Symbol(react.forward_ref),
    "render": [Function],
  },
  "Previous": Object {
    "$$typeof": Symbol(react.forward_ref),
    "render": [Function],
  },
  "Print": Object {
    "$$typeof": Symbol(react.forward_ref),
    "render": [Function],
  },
  "ProductHunt": Object {
    "$$typeof": Symbol(react.forward_ref),
    "render": [Function],
  },
  "Projects": Object {
    "$$typeof": Symbol(react.forward_ref),
    "render": [Function],
  },
  "Qr": Object {
    "$$typeof": Symbol(react.forward_ref),
    "render": [Function],
  },
  "Radial": Object {
    "$$typeof": Symbol(react.forward_ref),
    "render": [Function],
  },
  "RadialSelected": Object {
    "$$typeof": Symbol(react.forward_ref),
    "render": [Function],
  },
  "Raspberry": Object {
    "$$typeof": Symbol(react.forward_ref),
    "render": [Function],
  },
  "Reactjs": Object {
    "$$typeof": Symbol(react.forward_ref),
    "render": [Function],
  },
  "Reddit": Object {
    "$$typeof": Symbol(react.forward_ref),
    "render": [Function],
  },
  "Redhat": Object {
    "$$typeof": Symbol(react.forward_ref),
    "render": [Function],
  },
  "Redo": Object {
    "$$typeof": Symbol(react.forward_ref),
    "render": [Function],
  },
  "Refresh": Object {
    "$$typeof": Symbol(react.forward_ref),
    "render": [Function],
  },
  "Resources": Object {
    "$$typeof": Symbol(react.forward_ref),
    "render": [Function],
  },
  "Restaurant": Object {
    "$$typeof": Symbol(react.forward_ref),
    "render": [Function],
  },
  "Restroom": Object {
    "$$typeof": Symbol(react.forward_ref),
    "render": [Function],
  },
  "RestroomMen": Object {
    "$$typeof": Symbol(react.forward_ref),
    "render": [Function],
  },
  "RestroomWomen": Object {
    "$$typeof": Symbol(react.forward_ref),
    "render": [Function],
  },
  "Resume": Object {
    "$$typeof": Symbol(react.forward_ref),
    "render": [Function],
  },
  "Return": Object {
    "$$typeof": Symbol(react.forward_ref),
    "render": [Function],
  },
  "Revert": Object {
    "$$typeof": Symbol(react.forward_ref),
    "render": [Function],
  },
  "Rewind": Object {
    "$$typeof": Symbol(react.forward_ref),
    "render": [Function],
  },
  "Risk": Object {
    "$$typeof": Symbol(react.forward_ref),
    "render": [Function],
  },
  "Robot": Object {
    "$$typeof": Symbol(react.forward_ref),
    "render": [Function],
  },
  "RotateLeft": Object {
    "$$typeof": Symbol(react.forward_ref),
    "render": [Function],
  },
  "RotateRight": Object {
    "$$typeof": Symbol(react.forward_ref),
    "render": [Function],
  },
  "Rss": Object {
    "$$typeof": Symbol(react.forward_ref),
    "render": [Function],
  },
  "Run": Object {
    "$$typeof": Symbol(react.forward_ref),
    "render": [Function],
  },
  "SafariOption": Object {
    "$$typeof": Symbol(react.forward_ref),
    "render": [Function],
  },
  "Sans": Object {
    "$$typeof": Symbol(react.forward_ref),
    "render": [Function],
  },
  "Satellite": Object {
    "$$typeof": Symbol(react.forward_ref),
    "render": [Function],
  },
  "Save": Object {
    "$$typeof": Symbol(react.forward_ref),
    "render": [Function],
  },
  "Scan": Object {
    "$$typeof": Symbol(react.forward_ref),
    "render": [Function],
  },
  "Schedule": Object {
    "$$typeof": Symbol(react.forward_ref),
    "render": [Function],
  },
  "ScheduleNew": Object {
    "$$typeof": Symbol(react.forward_ref),
    "render": [Function],
  },
  "SchedulePlay": Object {
    "$$typeof": Symbol(react.forward_ref),
    "render": [Function],
  },
  "Schedules": Object {
    "$$typeof": Symbol(react.forward_ref),
    "render": [Function],
  },
  "Sco": Object {
    "$$typeof": Symbol(react.forward_ref),
    "render": [Function],
  },
  "Scorecard": Object {
    "$$typeof": Symbol(react.forward_ref),
    "render": [Function],
  },
  "Script": Object {
    "$$typeof": Symbol(react.forward_ref),
    "render": [Function],
  },
  "Sd": Object {
    "$$typeof": Symbol(react.forward_ref),
    "render": [Function],
  },
  "Search": Object {
    "$$typeof": Symbol(react.forward_ref),
    "render": [Function],
  },
  "SearchAdvanced": Object {
    "$$typeof": Symbol(react.forward_ref),
    "render": [Function],
  },
  "Secure": Object {
    "$$typeof": Symbol(react.forward_ref),
    "render": [Function],
  },
  "Select": Object {
    "$$typeof": Symbol(react.forward_ref),
    "render": [Function],
  },
  "Selection": Object {
    "$$typeof": Symbol(react.forward_ref),
    "render": [Function],
  },
  "Semantics": Object {
    "$$typeof": Symbol(react.forward_ref),
    "render": [Function],
  },
  "Send": Object {
    "$$typeof": Symbol(react.forward_ref),
    "render": [Function],
  },
  "Server": Object {
    "$$typeof": Symbol(react.forward_ref),
    "render": [Function],
  },
  "ServerCluster": Object {
    "$$typeof": Symbol(react.forward_ref),
    "render": [Function],
  },
  "Servers": Object {
    "$$typeof": Symbol(react.forward_ref),
    "render": [Function],
  },
  "ServicePlay": Object {
    "$$typeof": Symbol(react.forward_ref),
    "render": [Function],
  },
  "Services": Object {
    "$$typeof": Symbol(react.forward_ref),
    "render": [Function],
  },
  "SettingsOption": Object {
    "$$typeof": Symbol(react.forward_ref),
    "render": [Function],
  },
  "Share": Object {
    "$$typeof": Symbol(react.forward_ref),
    "render": [Function],
  },
  "ShareOption": Object {
    "$$typeof": Symbol(react.forward_ref),
    "render": [Function],
  },
  "ShareRounded": Object {
    "$$typeof": Symbol(react.forward_ref),
    "render": [Function],
  },
  "Shield": Object {
    "$$typeof": Symbol(react.forward_ref),
    "render": [Function],
  },
  "ShieldSecurity": Object {
    "$$typeof": Symbol(react.forward_ref),
    "render": [Function],
  },
  "Shift": Object {
    "$$typeof": Symbol(react.forward_ref),
    "render": [Function],
  },
  "Shop": Object {
    "$$typeof": Symbol(react.forward_ref),
    "render": [Function],
  },
  "Sidebar": Object {
    "$$typeof": Symbol(react.forward_ref),
    "render": [Function],
  },
  "Sign": Object {
    "$$typeof": Symbol(react.forward_ref),
    "render": [Function],
  },
  "Skype": Object {
    "$$typeof": Symbol(react.forward_ref),
    "render": [Function],
  },
  "Slack": Object {
    "$$typeof": Symbol(react.forward_ref),
    "render": [Function],
  },
  "Snapchat": Object {
    "$$typeof": Symbol(react.forward_ref),
    "render": [Function],
  },
  "Solaris": Object {
    "$$typeof": Symbol(react.forward_ref),
    "render": [Function],
  },
  "Sort": Object {
    "$$typeof": Symbol(react.forward_ref),
    "render": [Function],
  },
  "Soundcloud": Object {
    "$$typeof": Symbol(react.forward_ref),
    "render": [Function],
  },
  "Spa": Object {
    "$$typeof": Symbol(react.forward_ref),
    "render": [Function],
  },
  "Spectrum": Object {
    "$$typeof": Symbol(react.forward_ref),
    "render": [Function],
  },
  "Split": Object {
    "$$typeof": Symbol(react.forward_ref),
    "render": [Function],
  },
  "Splits": Object {
    "$$typeof": Symbol(react.forward_ref),
    "render": [Function],
  },
  "Spotify": Object {
    "$$typeof": Symbol(react.forward_ref),
    "render": [Function],
  },
  "Square": Object {
    "$$typeof": Symbol(react.forward_ref),
    "render": [Function],
  },
  "StackOverflow": Object {
    "$$typeof": Symbol(react.forward_ref),
    "render": [Function],
  },
  "Stakeholder": Object {
    "$$typeof": Symbol(react.forward_ref),
    "render": [Function],
  },
  "Star": Object {
    "$$typeof": Symbol(react.forward_ref),
    "render": [Function],
  },
  "StarHalf": Object {
    "$$typeof": Symbol(react.forward_ref),
    "render": [Function],
  },
  "StatusCritical": Object {
    "$$typeof": Symbol(react.forward_ref),
    "render": [Function],
  },
  "StatusCriticalSmall": Object {
    "$$typeof": Symbol(react.forward_ref),
    "render": [Function],
  },
  "StatusDisabled": Object {
    "$$typeof": Symbol(react.forward_ref),
    "render": [Function],
  },
  "StatusDisabledSmall": Object {
    "$$typeof": Symbol(react.forward_ref),
    "render": [Function],
  },
  "StatusGood": Object {
    "$$typeof": Symbol(react.forward_ref),
    "render": [Function],
  },
  "StatusGoodSmall": Object {
    "$$typeof": Symbol(react.forward_ref),
    "render": [Function],
  },
  "StatusInfo": Object {
    "$$typeof": Symbol(react.forward_ref),
    "render": [Function],
  },
  "StatusInfoSmall": Object {
    "$$typeof": Symbol(react.forward_ref),
    "render": [Function],
  },
  "StatusPlaceholder": Object {
    "$$typeof": Symbol(react.forward_ref),
    "render": [Function],
  },
  "StatusPlaceholderSmall": Object {
    "$$typeof": Symbol(react.forward_ref),
    "render": [Function],
  },
  "StatusUnknown": Object {
    "$$typeof": Symbol(react.forward_ref),
    "render": [Function],
  },
  "StatusUnknownSmall": Object {
    "$$typeof": Symbol(react.forward_ref),
    "render": [Function],
  },
  "StatusWarning": Object {
    "$$typeof": Symbol(react.forward_ref),
    "render": [Function],
  },
  "StatusWarningSmall": Object {
    "$$typeof": Symbol(react.forward_ref),
    "render": [Function],
  },
  "Steps": Object {
    "$$typeof": Symbol(react.forward_ref),
    "render": [Function],
  },
  "StepsOption": Object {
    "$$typeof": Symbol(react.forward_ref),
    "render": [Function],
  },
  "Stop": Object {
    "$$typeof": Symbol(react.forward_ref),
    "render": [Function],
  },
  "StopFill": Object {
    "$$typeof": Symbol(react.forward_ref),
    "render": [Function],
  },
  "Storage": Object {
    "$$typeof": Symbol(react.forward_ref),
    "render": [Function],
  },
  "StreetView": Object {
    "$$typeof": Symbol(react.forward_ref),
    "render": [Function],
  },
  "StrikeThrough": Object {
    "$$typeof": Symbol(react.forward_ref),
    "render": [Function],
  },
  "Stripe": Object {
    "$$typeof": Symbol(react.forward_ref),
    "render": [Function],
  },
  "Subscript": Object {
    "$$typeof": Symbol(react.forward_ref),
    "render": [Function],
  },
  "Subtract": Object {
    "$$typeof": Symbol(react.forward_ref),
    "render": [Function],
  },
  "SubtractCircle": Object {
    "$$typeof": Symbol(react.forward_ref),
    "render": [Function],
  },
  "Sun": Object {
    "$$typeof": Symbol(react.forward_ref),
    "render": [Function],
  },
  "Superscript": Object {
    "$$typeof": Symbol(react.forward_ref),
    "render": [Function],
  },
  "Support": Object {
    "$$typeof": Symbol(react.forward_ref),
    "render": [Function],
  },
  "Suse": Object {
    "$$typeof": Symbol(react.forward_ref),
    "render": [Function],
  },
  "Swift": Object {
    "$$typeof": Symbol(react.forward_ref),
    "render": [Function],
  },
  "Swim": Object {
    "$$typeof": Symbol(react.forward_ref),
    "render": [Function],
  },
  "Switch": Object {
    "$$typeof": Symbol(react.forward_ref),
    "render": [Function],
  },
  "Sync": Object {
    "$$typeof": Symbol(react.forward_ref),
    "render": [Function],
  },
  "System": Object {
    "$$typeof": Symbol(react.forward_ref),
    "render": [Function],
  },
  "Table": Object {
    "$$typeof": Symbol(react.forward_ref),
    "render": [Function],
  },
  "TableAdd": Object {
    "$$typeof": Symbol(react.forward_ref),
    "render": [Function],
  },
  "Tag": Object {
    "$$typeof": Symbol(react.forward_ref),
    "render": [Function],
  },
  "Tape": Object {
    "$$typeof": Symbol(react.forward_ref),
    "render": [Function],
  },
  "TapeOption": Object {
    "$$typeof": Symbol(react.forward_ref),
    "render": [Function],
  },
  "Target": Object {
    "$$typeof": Symbol(react.forward_ref),
    "render": [Function],
  },
  "Task": Object {
    "$$typeof": Symbol(react.forward_ref),
    "render": [Function],
  },
  "Tasks": Object {
    "$$typeof": Symbol(react.forward_ref),
    "render": [Function],
  },
  "Technology": Object {
    "$$typeof": Symbol(react.forward_ref),
    "render": [Function],
  },
  "Template": Object {
    "$$typeof": Symbol(react.forward_ref),
    "render": [Function],
  },
  "Terminal": Object {
    "$$typeof": Symbol(react.forward_ref),
    "render": [Function],
  },
  "Test": Object {
    "$$typeof": Symbol(react.forward_ref),
    "render": [Function],
  },
  "TestDesktop": Object {
    "$$typeof": Symbol(react.forward_ref),
    "render": [Function],
  },
  "TextAlignCenter": Object {
    "$$typeof": Symbol(react.forward_ref),
    "render": [Function],
  },
  "TextAlignFull": Object {
    "$$typeof": Symbol(react.forward_ref),
    "render": [Function],
  },
  "TextAlignLeft": Object {
    "$$typeof": Symbol(react.forward_ref),
    "render": [Function],
  },
  "TextAlignRight": Object {
    "$$typeof": Symbol(react.forward_ref),
    "render": [Function],
  },
  "TextWrap": Object {
    "$$typeof": Symbol(react.forward_ref),
    "render": [Function],
  },
  "Threats": Object {
    "$$typeof": Symbol(react.forward_ref),
    "render": [Function],
  },
  "ThreeD": Object {
    "$$typeof": Symbol(react.forward_ref),
    "render": [Function],
  },
  "ThreeDffects": Object {
    "$$typeof": Symbol(react.forward_ref),
    "render": [Function],
  },
  "Ticket": Object {
    "$$typeof": Symbol(react.forward_ref),
    "render": [Function],
  },
  "Tictok": Object {
    "$$typeof": Symbol(react.forward_ref),
    "render": [Function],
  },
  "Time": Object {
    "$$typeof": Symbol(react.forward_ref),
    "render": [Function],
  },
  "Tip": Object {
    "$$typeof": Symbol(react.forward_ref),
    "render": [Function],
  },
  "Toast": Object {
    "$$typeof": Symbol(react.forward_ref),
    "render": [Function],
  },
  "Tools": Object {
    "$$typeof": Symbol(react.forward_ref),
    "render": [Function],
  },
  "Tooltip": Object {
    "$$typeof": Symbol(react.forward_ref),
    "render": [Function],
  },
  "TopCorner": Object {
    "$$typeof": Symbol(react.forward_ref),
    "render": [Function],
  },
  "Train": Object {
    "$$typeof": Symbol(react.forward_ref),
    "render": [Function],
  },
  "Transaction": Object {
    "$$typeof": Symbol(react.forward_ref),
    "render": [Function],
  },
  "Trash": Object {
    "$$typeof": Symbol(react.forward_ref),
    "render": [Function],
  },
  "Tree": Object {
    "$$typeof": Symbol(react.forward_ref),
    "render": [Function],
  },
  "TreeOption": Object {
    "$$typeof": Symbol(react.forward_ref),
    "render": [Function],
  },
  "Trigger": Object {
    "$$typeof": Symbol(react.forward_ref),
    "render": [Function],
  },
  "Trophy": Object {
    "$$typeof": Symbol(react.forward_ref),
    "render": [Function],
  },
  "Troubleshoot": Object {
    "$$typeof": Symbol(react.forward_ref),
    "render": [Function],
  },
  "Tty": Object {
    "$$typeof": Symbol(react.forward_ref),
    "render": [Function],
  },
  "Tumblr": Object {
    "$$typeof": Symbol(react.forward_ref),
    "render": [Function],
  },
  "Turbolinux": Object {
    "$$typeof": Symbol(react.forward_ref),
    "render": [Function],
  },
  "Twitter": Object {
    "$$typeof": Symbol(react.forward_ref),
    "render": [Function],
  },
  "Ubuntu": Object {
    "$$typeof": Symbol(react.forward_ref),
    "render": [Function],
  },
  "Underline": Object {
    "$$typeof": Symbol(react.forward_ref),
    "render": [Function],
  },
  "Undo": Object {
    "$$typeof": Symbol(react.forward_ref),
    "render": [Function],
  },
  "Unlink": Object {
    "$$typeof": Symbol(react.forward_ref),
    "render": [Function],
  },
  "Unlock": Object {
    "$$typeof": Symbol(react.forward_ref),
    "render": [Function],
  },
  "UnorderedList": Object {
    "$$typeof": Symbol(react.forward_ref),
    "render": [Function],
  },
  "Unsorted": Object {
    "$$typeof": Symbol(react.forward_ref),
    "render": [Function],
  },
  "Up": Object {
    "$$typeof": Symbol(react.forward_ref),
    "render": [Function],
  },
  "Update": Object {
    "$$typeof": Symbol(react.forward_ref),
    "render": [Function],
  },
  "Upgrade": Object {
    "$$typeof": Symbol(react.forward_ref),
    "render": [Function],
  },
  "Upload": Object {
    "$$typeof": Symbol(react.forward_ref),
    "render": [Function],
  },
  "UploadOption": Object {
    "$$typeof": Symbol(react.forward_ref),
    "render": [Function],
  },
  "UsbKey": Object {
    "$$typeof": Symbol(react.forward_ref),
    "render": [Function],
  },
  "User": Object {
    "$$typeof": Symbol(react.forward_ref),
    "render": [Function],
  },
  "UserAdd": Object {
    "$$typeof": Symbol(react.forward_ref),
    "render": [Function],
  },
  "UserAdmin": Object {
    "$$typeof": Symbol(react.forward_ref),
    "render": [Function],
  },
  "UserExpert": Object {
    "$$typeof": Symbol(react.forward_ref),
    "render": [Function],
  },
  "UserFemale": Object {
    "$$typeof": Symbol(react.forward_ref),
    "render": [Function],
  },
  "UserManager": Object {
    "$$typeof": Symbol(react.forward_ref),
    "render": [Function],
  },
  "UserNew": Object {
    "$$typeof": Symbol(react.forward_ref),
    "render": [Function],
  },
  "UserPolice": Object {
    "$$typeof": Symbol(react.forward_ref),
    "render": [Function],
  },
  "UserSettings": Object {
    "$$typeof": Symbol(react.forward_ref),
    "render": [Function],
  },
  "UserWorker": Object {
    "$$typeof": Symbol(react.forward_ref),
    "render": [Function],
  },
  "Validate": Object {
    "$$typeof": Symbol(react.forward_ref),
    "render": [Function],
  },
  "Vend": Object {
    "$$typeof": Symbol(react.forward_ref),
    "render": [Function],
  },
  "Video": Object {
    "$$typeof": Symbol(react.forward_ref),
    "render": [Function],
  },
  "View": Object {
    "$$typeof": Symbol(react.forward_ref),
    "render": [Function],
  },
  "Vimeo": Object {
    "$$typeof": Symbol(react.forward_ref),
    "render": [Function],
  },
  "VirtualMachine": Object {
    "$$typeof": Symbol(react.forward_ref),
    "render": [Function],
  },
  "VirtualStorage": Object {
    "$$typeof": Symbol(react.forward_ref),
    "render": [Function],
  },
  "Visa": Object {
    "$$typeof": Symbol(react.forward_ref),
    "render": [Function],
  },
  "VmMaintenance": Object {
    "$$typeof": Symbol(react.forward_ref),
    "render": [Function],
  },
  "Vmware": Object {
    "$$typeof": Symbol(react.forward_ref),
    "render": [Function],
  },
  "Volume": Object {
    "$$typeof": Symbol(react.forward_ref),
    "render": [Function],
  },
  "VolumeControl": Object {
    "$$typeof": Symbol(react.forward_ref),
    "render": [Function],
  },
  "VolumeLow": Object {
    "$$typeof": Symbol(react.forward_ref),
    "render": [Function],
  },
  "VolumeMute": Object {
    "$$typeof": Symbol(react.forward_ref),
    "render": [Function],
  },
  "Vulnerability": Object {
    "$$typeof": Symbol(react.forward_ref),
    "render": [Function],
  },
  "Waypoint": Object {
    "$$typeof": Symbol(react.forward_ref),
    "render": [Function],
  },
  "Webcam": Object {
    "$$typeof": Symbol(react.forward_ref),
    "render": [Function],
  },
  "Wheelchair": Object {
    "$$typeof": Symbol(react.forward_ref),
    "render": [Function],
  },
  "WheelchairActive": Object {
    "$$typeof": Symbol(react.forward_ref),
    "render": [Function],
  },
  "Wifi": Object {
    "$$typeof": Symbol(react.forward_ref),
    "render": [Function],
  },
  "WifiLow": Object {
    "$$typeof": Symbol(react.forward_ref),
    "render": [Function],
  },
  "WifiMedium": Object {
    "$$typeof": Symbol(react.forward_ref),
    "render": [Function],
  },
  "WifiNone": Object {
    "$$typeof": Symbol(react.forward_ref),
    "render": [Function],
  },
  "Windows": Object {
    "$$typeof": Symbol(react.forward_ref),
    "render": [Function],
  },
  "WindowsLegacy": Object {
    "$$typeof": Symbol(react.forward_ref),
    "render": [Function],
  },
  "Wordpress": Object {
    "$$typeof": Symbol(react.forward_ref),
    "render": [Function],
  },
  "Workshop": Object {
    "$$typeof": Symbol(react.forward_ref),
    "render": [Function],
  },
  "Yoga": Object {
    "$$typeof": Symbol(react.forward_ref),
    "render": [Function],
  },
  "Youtube": Object {
    "$$typeof": Symbol(react.forward_ref),
    "render": [Function],
  },
  "Zoom": Object {
    "$$typeof": Symbol(react.forward_ref),
    "render": [Function],
  },
  "ZoomIn": Object {
    "$$typeof": Symbol(react.forward_ref),
    "render": [Function],
  },
  "ZoomOut": Object {
    "$$typeof": Symbol(react.forward_ref),
    "render": [Function],
  },
  "__esModule": true,
  "base": Object {
    "global": Object {
      "colors": Object {
        "icon": "#666666",
      },
    },
    "icon": Object {
      "size": Object {
        "large": "48px",
        "medium": "24px",
        "small": "12px",
        "xlarge": "96px",
      },
    },
  },
  "defaultProps": Object {
    "theme": Object {
      "global": Object {
        "colors": Object {
          "icon": "#666666",
        },
      },
      "icon": Object {
        "size": Object {
          "large": "48px",
          "medium": "24px",
          "small": "12px",
          "xlarge": "96px",
        },
      },
    },
  },
  "extendDefaultTheme": [Function],
}
`;
