// Jest Snapshot v1, https://goo.gl/fbAQLP

exports[`Components loads 1`] = `
Object {
  "AccessAccessibility": [Function],
  "AccessAd": [Function],
  "AccessAssistListening": [Function],
  "AccessBraille": [Function],
  "AccessSign": [Function],
  "AccessTty": [Function],
  "AccessVolumeControl": [Function],
  "AccessWheelchair": [Function],
  "AccessWheelchairActive": [Function],
  "Accessible": [Function],
  "Achievement": [Function],
  "Action": [Function],
  "Actions": [Function],
  "AddCircle": [Function],
  "Aed": [Function],
  "Aggregate": [Function],
  "Aid": [Function],
  "AidOption": [Function],
  "Alarm": [Function],
  "Alert": [Function],
  "Analytics": [Function],
  "Announce": [Function],
  "Apps": [Function],
  "Archive": [Function],
  "Article": [Function],
  "Ascend": [Function],
  "Atm": [Function],
  "Attachment": [Function],
  "Attraction": [Function],
  "Baby": [Function],
  "BackTen": [Function],
  "Bar": [Function],
  "BarChart": [Function],
  "Basket": [Function],
  "Blog": [Function],
  "Book": [Function],
  "Bookmark": [Function],
  "BottomCorner": [Function],
  "BrandAppleAppStore": [Function],
  "BrandCodepenEdit": [Function],
  "BrandCodepenTry": [Function],
  "BrandGooglePlay": [Function],
  "BrandGrommetOutline": [Function],
  "BrandGrommetPath": [Function],
  "BrandHpeElementOutline": [Function],
  "BrandHpeElementPath": [Function],
  "BrandHpeLabsInsignia": [Function],
  "BrandHpeLabsInsigniaOutline": [Function],
  "BrandHpeStack": [Function],
  "BrandHpeStackCentered": [Function],
  "Briefcase": [Function],
  "Brush": [Function],
  "Bug": [Function],
  "Bundle": [Function],
  "Bus": [Function],
  "BusinessService": [Function],
  "Cafeteria": [Function],
  "Calculator": [Function],
  "Calendar": [Function],
  "Camera": [Function],
  "Capacity": [Function],
  "Car": [Function],
  "CaretNext": [Function],
  "CaretPrevious": [Function],
  "CarrotDown": [Function],
  "Cart": [Function],
  "Catalog": [Function],
  "CatalogOption": [Function],
  "Channel": [Function],
  "ChapterAdd": [Function],
  "ChapterNext": [Function],
  "ChapterPrevious": [Function],
  "Chat": [Function],
  "Checkbox": [Function],
  "CheckboxSelected": [Function],
  "CircleInformation": [Function],
  "CirclePlay": [Function],
  "CircleQuestion": [Function],
  "Clear": [Function],
  "ClearOption": [Function],
  "Cli": [Function],
  "Clipboard": [Function],
  "Clock": [Function],
  "Clone": [Function],
  "ClosedCaption": [Function],
  "Cloud": [Function],
  "CloudComputer": [Function],
  "CloudDownload": [Function],
  "CloudSoftware": [Function],
  "CloudUpload": [Function],
  "Cluster": [Function],
  "CoatCheck": [Function],
  "Code": [Function],
  "Columns": [Function],
  "Compare": [Function],
  "Compass": [Function],
  "Compliance": [Function],
  "Connect": [Function],
  "ContactInfo": [Function],
  "Contract": [Function],
  "Copy": [Function],
  "CoreAdd": [Function],
  "CoreChat": [Function],
  "CoreCheckmark": [Function],
  "CoreClose": [Function],
  "CoreConfigure": [Function],
  "CoreContact": [Function],
  "CoreDocument": [Function],
  "CoreEdit": [Function],
  "CoreFilter": [Function],
  "CoreFlag": [Function],
  "CoreMore": [Function],
  "CoreNext": [Function],
  "CoreNextLink": [Function],
  "CoreNotification": [Function],
  "CoreRefresh": [Function],
  "CoreSearch": [Function],
  "CoreShare": [Function],
  "CoreTrash": [Function],
  "CreditCard": [Function],
  "Cube": [Function],
  "Cubes": [Function],
  "Currency": [Function],
  "Cursor": [Function],
  "Cut": [Function],
  "Cycle": [Function],
  "Dashboard": [Function],
  "Database": [Function],
  "Deliver": [Function],
  "Deploy": [Function],
  "Descend": [Function],
  "Desktop": [Function],
  "Detach": [Function],
  "Diamond": [Function],
  "Directions": [Function],
  "Dislike": [Function],
  "DocumentCloud": [Function],
  "DocumentConfig": [Function],
  "DocumentCsv": [Function],
  "DocumentDownload": [Function],
  "DocumentExcel": [Function],
  "DocumentImage": [Function],
  "DocumentLocked": [Function],
  "DocumentMissing": [Function],
  "DocumentNotes": [Function],
  "DocumentOutlook": [Function],
  "DocumentPdf": [Function],
  "DocumentPerformance": [Function],
  "DocumentPpt": [Function],
  "DocumentRtf": [Function],
  "DocumentSound": [Function],
  "DocumentStore": [Function],
  "DocumentTest": [Function],
  "DocumentText": [Function],
  "DocumentThreat": [Function],
  "DocumentTime": [Function],
  "DocumentTransfer": [Function],
  "DocumentTxt": [Function],
  "DocumentUpdate": [Function],
  "DocumentUpload": [Function],
  "DocumentUser": [Function],
  "DocumentVerified": [Function],
  "DocumentVideo": [Function],
  "DocumentWindows": [Function],
  "DocumentWord": [Function],
  "DocumentZip": [Function],
  "Domain": [Function],
  "Down": [Function],
  "Download": [Function],
  "Drag": [Function],
  "DriveCage": [Function],
  "Duplicate": [Function],
  "Eject": [Function],
  "Elevator": [Function],
  "Emergency": [Function],
  "EmptyCircle": [Function],
  "Erase": [Function],
  "Escalaton": [Function],
  "Expand": [Function],
  "Fan": [Function],
  "FastForward": [Function],
  "Favorite": [Function],
  "FingerPrint": [Function],
  "Folder": [Function],
  "FolderCycle": [Function],
  "FolderOpen": [Function],
  "FormAdd": [Function],
  "FormAttachment": [Function],
  "FormCalendar": [Function],
  "FormCheckmark": [Function],
  "FormClock": [Function],
  "FormClose": [Function],
  "FormCut": [Function],
  "FormDown": [Function],
  "FormEdit": [Function],
  "FormFilter": [Function],
  "FormFolder": [Function],
  "FormLocation": [Function],
  "FormLock": [Function],
  "FormNext": [Function],
  "FormNextLink": [Function],
  "FormPrevious": [Function],
  "FormPreviousLink": [Function],
  "FormRefresh": [Function],
  "FormSchedule": [Function],
  "FormSearch": [Function],
  "FormSubtract": [Function],
  "FormTrash": [Function],
  "FormUp": [Function],
  "FormUpload": [Function],
  "FormView": [Function],
  "FormViewHide": [Function],
  "ForwardTen": [Function],
  "Gallery": [Function],
  "Gamepad": [Function],
  "Gift": [Function],
  "Globe": [Function],
  "Gremlin": [Function],
  "Grid": [Function],
  "Group": [Function],
  "Grow": [Function],
  "Halt": [Function],
  "Help": [Function],
  "History": [Function],
  "Home": [Function],
  "Host": [Function],
  "HostMaintenance": [Function],
  "IceCream": [Function],
  "Image": [Function],
  "Impact": [Function],
  "InProgress": [Function],
  "Inbox": [Function],
  "Indicator": [Function],
  "Info": [Function],
  "Inherit": [Function],
  "Inspect": [Function],
  "Install": [Function],
  "InstallOption": [Function],
  "Integration": [Function],
  "Iteration": [Function],
  "Java": [Function],
  "Language": [Function],
  "Launch": [Function],
  "Layer": [Function],
  "License": [Function],
  "Like": [Function],
  "LineChart": [Function],
  "Link": [Function],
  "LinkBottom": [Function],
  "LinkDown": [Function],
  "LinkTop": [Function],
  "LinkUp": [Function],
  "Local": [Function],
  "Location": [Function],
  "LocationPin": [Function],
  "Lock": [Function],
  "Login": [Function],
  "Logout": [Function],
  "Lounge": [Function],
  "Magic": [Function],
  "Mail": [Function],
  "MailOption": [Function],
  "Manual": [Function],
  "Map": [Function],
  "MapLocation": [Function],
  "Menu": [Function],
  "Microphone": [Function],
  "Money": [Function],
  "Monitor": [Function],
  "Multiple": [Function],
  "Music": [Function],
  "Navigate": [Function],
  "New": [Function],
  "NewWindow": [Function],
  "Nodes": [Function],
  "Note": [Function],
  "Notes": [Function],
  "ObjectGroup": [Function],
  "ObjectUngroup": [Function],
  "Optimize": [Function],
  "Organization": [Function],
  "Overview": [Function],
  "Paint": [Function],
  "Pan": [Function],
  "Pause": [Function],
  "PauseFill": [Function],
  "PersonalComputer": [Function],
  "PieChart": [Function],
  "Pin": [Function],
  "Plan": [Function],
  "PlatformAmazon": [Function],
  "PlatformAndroid": [Function],
  "PlatformApple": [Function],
  "PlatformArchlinux": [Function],
  "PlatformAruba": [Function],
  "PlatformCentos": [Function],
  "PlatformChrome": [Function],
  "PlatformCloudlinux": [Function],
  "PlatformDebian": [Function],
  "PlatformDocker": [Function],
  "PlatformDos": [Function],
  "PlatformDropbox": [Function],
  "PlatformDxc": [Function],
  "PlatformEdge": [Function],
  "PlatformFedora": [Function],
  "PlatformFirefox": [Function],
  "PlatformFreebsd": [Function],
  "PlatformGolang": [Function],
  "PlatformGoogle": [Function],
  "PlatformHadoop": [Function],
  "PlatformHeroku": [Function],
  "PlatformHorton": [Function],
  "PlatformHp": [Function],
  "PlatformHpi": [Function],
  "PlatformInternetExplorer": [Function],
  "PlatformJava": [Function],
  "PlatformMandriva": [Function],
  "PlatformMicrofocus": [Function],
  "PlatformMysql": [Function],
  "PlatformNorton": [Function],
  "PlatformOnedrive": [Function],
  "PlatformOpera": [Function],
  "PlatformOracle": [Function],
  "PlatformPiedPiper": [Function],
  "PlatformRaspberry": [Function],
  "PlatformReactjs": [Function],
  "PlatformRedhat": [Function],
  "PlatformSafariOption": [Function],
  "PlatformSco": [Function],
  "PlatformSolaris": [Function],
  "PlatformSuse": [Function],
  "PlatformSwift": [Function],
  "PlatformTurbolinux": [Function],
  "PlatformUbuntu": [Function],
  "PlatformUnixware": [Function],
  "PlatformVmware": [Function],
  "PlatformWindows": [Function],
  "PlatformWindowsLegacy": [Function],
  "Play": [Function],
  "PlayFill": [Function],
  "Power": [Function],
  "Previous": [Function],
  "PreviousLink": [Function],
  "Print": [Function],
  "Radial": [Function],
  "RadialSelected": [Function],
  "Resources": [Function],
  "Restaurant": [Function],
  "Restroom": [Function],
  "RestroomMen": [Function],
  "RestroomWomen": [Function],
  "Resume": [Function],
  "Revert": [Function],
  "Rewind": [Function],
  "Risk": [Function],
  "Robot": [Function],
  "Rss": [Function],
  "Run": [Function],
  "Satellite": [Function],
  "Save": [Function],
  "Scan": [Function],
  "Schedule": [Function],
  "ScheduleNew": [Function],
  "SchedulePlay": [Function],
  "Schedules": [Function],
  "Scorecard": [Function],
  "SearchAdvanced": [Function],
  "Secure": [Function],
  "Select": [Function],
  "Selection": [Function],
  "Send": [Function],
  "Server": [Function],
  "ServerCluster": [Function],
  "Servers": [Function],
  "ServicePlay": [Function],
  "Services": [Function],
  "SettingsOption": [Function],
  "ShareOption": [Function],
  "Shield": [Function],
  "ShieldSecurity": [Function],
  "Shift": [Function],
  "Shop": [Function],
  "Sidebar": [Function],
  "SocialAmazon": [Function],
  "SocialAmex": [Function],
  "SocialBitcoin": [Function],
  "SocialCodepen": [Function],
  "SocialCreativeCommons": [Function],
  "SocialDropbox": [Function],
  "SocialFacebook": [Function],
  "SocialFacebookOption": [Function],
  "SocialGithub": [Function],
  "SocialGooglePlus": [Function],
  "SocialGoogleWallet": [Function],
  "SocialInstagram": [Function],
  "SocialLinkedin": [Function],
  "SocialLinkedinOption": [Function],
  "SocialMail": [Function],
  "SocialMastercard": [Function],
  "SocialMedium": [Function],
  "SocialPaypal": [Function],
  "SocialPinterest": [Function],
  "SocialProductHunt": [Function],
  "SocialReddit": [Function],
  "SocialSkype": [Function],
  "SocialSlack": [Function],
  "SocialSnapchat": [Function],
  "SocialSquare": [Function],
  "SocialStackOverflow": [Function],
  "SocialStripe": [Function],
  "SocialTumblr": [Function],
  "SocialTwitter": [Function],
  "SocialVimeo": [Function],
  "SocialVisa": [Function],
  "SocialWordpress": [Function],
  "SocialYoutube": [Function],
  "Sort": [Function],
  "Spa": [Function],
  "Split": [Function],
  "Splits": [Function],
  "Stakeholder": [Function],
  "Standards3dEffects": [Function],
  "StandardsConnectivity": [Function],
  "StandardsCss3": [Function],
  "StandardsDevice": [Function],
  "StandardsFireball": [Function],
  "StandardsHtml5": [Function],
  "StandardsMultimedia": [Function],
  "StandardsOfflineStorage": [Function],
  "StandardsPerformance": [Function],
  "StandardsSematics": [Function],
  "Star": [Function],
  "StarHalf": [Function],
  "StatusCritical": [Function],
  "StatusCriticalSmall": [Function],
  "StatusDisabled": [Function],
  "StatusDisabledSmall": [Function],
  "StatusGood": [Function],
  "StatusGoodSmall": [Function],
  "StatusInfo": [Function],
  "StatusInfoSmall": [Function],
  "StatusOutlineCritical": [Function],
  "StatusOutlineDisabled": [Function],
  "StatusOutlineGood": [Function],
  "StatusOutlineInfo": [Function],
  "StatusOutlinePlaceholder": [Function],
  "StatusOutlineUnknown": [Function],
  "StatusOutlineWarning": [Function],
  "StatusPlaceholder": [Function],
  "StatusPlaceholderSmall": [Function],
  "StatusUnknown": [Function],
  "StatusUnknownSmall": [Function],
  "StatusWarning": [Function],
  "StatusWarningSmall": [Function],
  "Steps": [Function],
  "StepsOption": [Function],
  "Stop": [Function],
  "StopFill": [Function],
  "Storage": [Function],
  "StreetView": [Function],
  "Subtract": [Function],
  "SubtractCircle": [Function],
  "Support": [Function],
  "Swim": [Function],
  "Sync": [Function],
  "System": [Function],
  "Table": [Function],
  "TableAdd": [Function],
  "Tag": [Function],
  "Tape": [Function],
  "Target": [Function],
  "Task": [Function],
  "Tasks": [Function],
  "Technology": [Function],
  "Template": [Function],
  "Terminal": [Function],
  "Test": [Function],
  "TestDesktop": [Function],
  "TextWrap": [Function],
  "Threats": [Function],
  "ThreeD": [Function],
  "Ticket": [Function],
  "Tip": [Function],
  "Toast": [Function],
  "Tools": [Function],
  "Tooltip": [Function],
  "TopCorner": [Function],
  "Transaction": [Function],
  "Tree": [Function],
  "TreeOption": [Function],
  "Trigger": [Function],
  "Trophy": [Function],
  "Troubleshoot": [Function],
  "Unlink": [Function],
  "Unlock": [Function],
  "Up": [Function],
  "UpCarrot": [Function],
  "Update": [Function],
  "Upgrade": [Function],
  "Upload": [Function],
  "UserAdd": [Function],
  "UserAdmin": [Function],
  "UserExpert": [Function],
  "UserFemale": [Function],
  "UserManager": [Function],
  "UserNew": [Function],
  "UserPolice": [Function],
  "UserSettings": [Function],
  "UserWorker": [Function],
  "Validate": [Function],
  "Vend": [Function],
  "Video": [Function],
  "View": [Function],
  "VirtualMachine": [Function],
  "VmMaintenance": [Function],
  "Volume": [Function],
  "VolumeLow": [Function],
  "VolumeMute": [Function],
  "Vulnerability": [Function],
  "Waypoint": [Function],
  "Workshop": [Function],
  "Yoga": [Function],
  "ZoomIn": [Function],
  "ZoomOut": [Function],
  "__esModule": true,
  "default": [Function],
}
`;
