// Jest Snapshot v1, https://goo.gl/fbAQLP

exports[`metadata 1`] = `
Object {
  "Add": Array [
    "create",
    "core",
    "increase",
    "increment",
    "plus",
  ],
  "Amazon": Array [
    "buy",
    "marketplace",
    "social",
  ],
  "AmericanExpress": Array [
    "card",
    "pay",
    "wallet",
    "social",
  ],
  "Bitcoin": Array [
    "social",
    "pay",
    "wallet",
  ],
  "CarrotDown": Array [
    "core",
    "down",
    "expand",
  ],
  "CarrotUp": Array [
    "collapse",
    "core",
    "up",
  ],
  "Chat": Array [
    "core",
    "help",
    "message",
    "talk",
    "support",
  ],
  "Checkmark": Array [
    "accept",
    "agree",
    "core",
    "good",
    "ok",
  ],
  "Close": Array [
    "core",
    "delete",
    "escape",
    "remove",
    "trash",
  ],
  "Codepen": Array [
    "code",
    "demo",
    "share",
    "social",
  ],
  "Configure": Array [
    "core",
    "preferences",
    "settings",
    "tool",
  ],
  "CreativeCommons": Array [
    "license",
    "social",
  ],
  "Document": Array [
    "core",
    "file",
    "page",
  ],
  "Download": Array [
    "core",
    "import",
    "get",
    "receive",
  ],
  "Dropbox": Array [
    "cloud",
    "share",
    "social",
  ],
  "Edit": Array [
    "change",
    "core",
    "draw",
    "modify",
    "pencil",
  ],
  "Facebook": Array [
    "share",
    "social",
  ],
  "FacebookOption": Array [
    "share",
    "social",
  ],
  "Filter": Array [
    "core",
    "funnel",
    "refine",
    "triage",
  ],
  "Flag": Array [
    "core",
    "warn",
    "warning",
  ],
  "FormAdd": Array [
    "create",
    "form",
    "increase",
    "increment",
    "plus",
  ],
  "FormCalendar": Array [
    "date",
    "day",
    "form",
    "month",
    "year",
  ],
  "FormCheckmark": Array [
    "accept",
    "agree",
    "form",
    "good",
    "ok",
  ],
  "FormClock": Array [
    "form",
    "hour",
    "minute",
    "second",
    "time",
    "watch",
  ],
  "FormClose": Array [
    "close",
    "delete",
    "escape",
    "form",
    "remove",
    "trash",
  ],
  "FormCut": Array [
    "cisors",
    "form",
  ],
  "FormDowm": Array [
    "form",
    "down",
    "expand",
  ],
  "FormFilter": Array [
    "form",
    "funnel",
    "refine",
    "triage",
  ],
  "FormFolder": Array [
    "form",
    "organize",
  ],
  "FormLocation": Array [
    "directions",
    "form",
    "pin",
  ],
  "FormLock": Array [
    "form",
    "locker",
    "permissions",
    "protect",
    "secure",
  ],
  "FormNext": Array [
    "form",
    "forward",
    "next",
    "right",
  ],
  "FormPrevious": Array [
    "back",
    "backward",
    "form",
    "left",
    "return",
  ],
  "FormPreviousLink": Array [
    "back",
    "backward",
    "form",
    "left",
    "return",
  ],
  "FormRefresh": Array [
    "form",
    "pull",
    "update",
  ],
  "FormSchedule": Array [
    "appointment",
    "form",
    "meeting",
  ],
  "FormSearch": Array [
    "find",
    "form",
    "lookup",
    "magnifier",
    "search",
  ],
  "FormSubtract": Array [
    "decrement",
    "form",
    "menus",
    "reduce",
  ],
  "FormTrash": Array [
    "clear",
    "core",
    "delete",
    "eliminate",
    "escape",
    "form",
    "remove",
  ],
  "FormUp": Array [
    "collapse",
    "form",
    "up",
  ],
  "FormUpload": Array [
    "attach",
    "attachment",
    "export",
    "form",
    "send",
  ],
  "FormView": Array [
    "eye",
    "form",
    "open",
  ],
  "FormViewHide": Array [
    "close",
    "eye",
    "form",
  ],
  "Github": Array [
    "code",
    "demo",
    "share",
    "social",
    "opensource",
  ],
  "GooglePlus": Array [
    "share",
    "social",
  ],
  "GoogleWallet": Array [
    "social",
    "pay",
    "wallet",
  ],
  "Instagram": Array [
    "image",
    "picture",
    "photo",
    "share",
    "social",
    "video",
  ],
  "LinkNext": Array [
    "arrow",
    "core",
    "forward",
    "next",
    "right",
  ],
  "LinkPrevious": Array [
    "arrow",
    "back",
    "backward",
    "core",
    "left",
    "return",
  ],
  "Linkedin": Array [
    "share",
    "social",
  ],
  "LinkedinOption": Array [
    "share",
    "social",
  ],
  "Mail": Array [
    "email",
    "message",
    "social",
  ],
  "Mastercard": Array [
    "card",
    "pay",
    "wallet",
    "social",
  ],
  "Medium": Array [
    "blog",
    "share",
    "social",
  ],
  "More": Array [
    "actions",
    "core",
  ],
  "Next": Array [
    "core",
    "forward",
    "next",
    "right",
  ],
  "Notification": Array [
    "alert",
    "bell",
    "core",
    "notify",
    "warn",
    "warning",
  ],
  "Paypal": Array [
    "social",
    "pay",
    "wallet",
  ],
  "Pinterest": Array [
    "share",
    "social",
  ],
  "Previous": Array [
    "back",
    "backward",
    "core",
    "left",
    "return",
  ],
  "Product-hunt": Array [
    "share",
    "social",
  ],
  "Reddit": Array [
    "social",
    "share",
  ],
  "Refresh": Array [
    "core",
    "pull",
    "update",
  ],
  "Search": Array [
    "core",
    "find",
    "lookup",
    "magnifier",
  ],
  "Share": Array [
    "core",
    "open",
    "publish",
  ],
  "Skype": Array [
    "call",
    "conference",
    "phone",
    "social",
    "video",
  ],
  "Slack": Array [
    "chat",
    "help",
    "message",
    "talk",
    "share",
    "social",
    "support",
  ],
  "Snapchat": Array [
    "image",
    "picture",
    "photo",
    "share",
    "social",
    "video",
  ],
  "Square": Array [
    "social",
    "pay",
    "wallet",
  ],
  "StackOverflow": Array [
    "code",
    "help",
    "share",
    "social",
  ],
  "Stripe": Array [
    "social",
    "pay",
    "wallet",
  ],
  "Subtract": Array [
    "core",
    "decrement",
    "minus",
    "reduce",
  ],
  "Trash": Array [
    "clear",
    "core",
    "delete",
    "eliminate",
    "escape",
    "remove",
  ],
  "Tumblr": Array [
    "blog",
    "image",
    "picture",
    "photo",
    "share",
    "social",
    "video",
  ],
  "Twitter": Array [
    "share",
    "social",
    "tweet",
  ],
  "Update": Array [
    "change",
    "core",
  ],
  "Upload": Array [
    "attach",
    "attachment",
    "core",
    "export",
    "send",
  ],
  "User": Array [
    "core",
    "person",
    "profile",
  ],
  "Vimeo": Array [
    "share",
    "social",
    "video",
  ],
  "Visa": Array [
    "card",
    "pay",
    "wallet",
    "social",
  ],
  "Wordpress": Array [
    "blog",
    "share",
    "social",
  ],
  "Youtube": Array [
    "share",
    "social",
    "video",
  ],
  "formAttachment": Array [
    "attach",
    "clip",
    "form",
    "upload",
  ],
}
`;
