// Jest Snapshot v1, https://goo.gl/fbAQLP

exports[`metadata 1`] = `
Object {
  "add": Array [
    "create",
    "core",
    "increase",
    "increment",
    "plus",
  ],
  "amazon": Array [
    "buy",
    "marketplace",
    "social",
  ],
  "american-express": Array [
    "card",
    "pay",
    "wallet",
    "social",
  ],
  "bitcoin": Array [
    "social",
    "pay",
    "wallet",
  ],
  "carrot-down": Array [
    "core",
    "down",
    "expand",
  ],
  "carrot-up": Array [
    "collapse",
    "core",
    "up",
  ],
  "chat": Array [
    "core",
    "help",
    "message",
    "talk",
    "support",
  ],
  "checkmark": Array [
    "accept",
    "agree",
    "core",
    "good",
    "ok",
  ],
  "close": Array [
    "core",
    "delete",
    "escape",
    "remove",
    "trash",
  ],
  "codepen": Array [
    "code",
    "demo",
    "share",
    "social",
  ],
  "configure": Array [
    "core",
    "preferences",
    "settings",
    "tool",
  ],
  "creative-commons": Array [
    "license",
    "social",
  ],
  "document": Array [
    "core",
    "file",
    "page",
  ],
  "download": Array [
    "core",
    "import",
    "get",
    "receive",
  ],
  "dropbox": Array [
    "cloud",
    "share",
    "social",
  ],
  "edit": Array [
    "change",
    "core",
    "draw",
    "modify",
    "pencil",
  ],
  "facebook": Array [
    "share",
    "social",
  ],
  "facebook-option": Array [
    "share",
    "social",
  ],
  "filter": Array [
    "core",
    "funnel",
    "refine",
    "triage",
  ],
  "flag": Array [
    "core",
    "warn",
    "warning",
  ],
  "form-add": Array [
    "create",
    "form",
    "increase",
    "increment",
    "plus",
  ],
  "form-attachment": Array [
    "attach",
    "clip",
    "form",
    "upload",
  ],
  "form-calendar": Array [
    "date",
    "day",
    "form",
    "month",
    "year",
  ],
  "form-checkmark": Array [
    "accept",
    "agree",
    "form",
    "good",
    "ok",
  ],
  "form-clock": Array [
    "form",
    "hour",
    "minute",
    "second",
    "time",
    "watch",
  ],
  "form-close": Array [
    "close",
    "delete",
    "escape",
    "form",
    "remove",
    "trash",
  ],
  "form-cut": Array [
    "cisors",
    "form",
  ],
  "form-dowm": Array [
    "form",
    "down",
    "expand",
  ],
  "form-filter": Array [
    "form",
    "funnel",
    "refine",
    "triage",
  ],
  "form-folder": Array [
    "form",
    "organize",
  ],
  "form-location": Array [
    "directions",
    "form",
    "pin",
  ],
  "form-lock": Array [
    "form",
    "locker",
    "permissions",
    "protect",
    "secure",
  ],
  "form-next": Array [
    "form",
    "forward",
    "next",
    "right",
  ],
  "form-previous": Array [
    "back",
    "backward",
    "form",
    "left",
    "return",
  ],
  "form-previous-link": Array [
    "back",
    "backward",
    "form",
    "left",
    "return",
  ],
  "form-refresh": Array [
    "form",
    "pull",
    "update",
  ],
  "form-schedule": Array [
    "appointment",
    "form",
    "meeting",
  ],
  "form-search": Array [
    "find",
    "form",
    "lookup",
    "magnifier",
    "search",
  ],
  "form-subtract": Array [
    "decrement",
    "form",
    "menus",
    "reduce",
  ],
  "form-trash": Array [
    "clear",
    "core",
    "delete",
    "eliminate",
    "escape",
    "form",
    "remove",
  ],
  "form-up": Array [
    "collapse",
    "form",
    "up",
  ],
  "form-upload": Array [
    "attach",
    "attachment",
    "export",
    "form",
    "send",
  ],
  "form-view": Array [
    "eye",
    "form",
    "open",
  ],
  "form-view-hide": Array [
    "close",
    "eye",
    "form",
  ],
  "github": Array [
    "code",
    "demo",
    "share",
    "social",
    "opensource",
  ],
  "google-plus": Array [
    "share",
    "social",
  ],
  "google-wallet": Array [
    "social",
    "pay",
    "wallet",
  ],
  "instagram": Array [
    "image",
    "picture",
    "photo",
    "share",
    "social",
    "video",
  ],
  "link-next": Array [
    "arrow",
    "core",
    "forward",
    "next",
    "right",
  ],
  "link-previous": Array [
    "arrow",
    "back",
    "backward",
    "core",
    "left",
    "return",
  ],
  "linkedin": Array [
    "share",
    "social",
  ],
  "linkedin-option": Array [
    "share",
    "social",
  ],
  "mail": Array [
    "email",
    "message",
    "social",
  ],
  "mastercard": Array [
    "card",
    "pay",
    "wallet",
    "social",
  ],
  "medium": Array [
    "blog",
    "share",
    "social",
  ],
  "more": Array [
    "actions",
    "core",
  ],
  "next": Array [
    "core",
    "forward",
    "next",
    "right",
  ],
  "notification": Array [
    "alert",
    "bell",
    "core",
    "notify",
    "warn",
    "warning",
  ],
  "paypal": Array [
    "social",
    "pay",
    "wallet",
  ],
  "pinterest": Array [
    "share",
    "social",
  ],
  "previous": Array [
    "back",
    "backward",
    "core",
    "left",
    "return",
  ],
  "product-hunt": Array [
    "share",
    "social",
  ],
  "reddit": Array [
    "social",
    "share",
  ],
  "refresh": Array [
    "core",
    "pull",
    "update",
  ],
  "search": Array [
    "core",
    "find",
    "lookup",
    "magnifier",
  ],
  "share": Array [
    "core",
    "open",
    "publish",
  ],
  "skype": Array [
    "call",
    "conference",
    "phone",
    "social",
    "video",
  ],
  "slack": Array [
    "chat",
    "help",
    "message",
    "talk",
    "share",
    "social",
    "support",
  ],
  "snapchat": Array [
    "image",
    "picture",
    "photo",
    "share",
    "social",
    "video",
  ],
  "square": Array [
    "social",
    "pay",
    "wallet",
  ],
  "stack-overflow": Array [
    "code",
    "help",
    "share",
    "social",
  ],
  "stripe": Array [
    "social",
    "pay",
    "wallet",
  ],
  "subtract": Array [
    "core",
    "decrement",
    "minus",
    "reduce",
  ],
  "trash": Array [
    "clear",
    "core",
    "delete",
    "eliminate",
    "escape",
    "remove",
  ],
  "tumblr": Array [
    "blog",
    "image",
    "picture",
    "photo",
    "share",
    "social",
    "video",
  ],
  "twitter": Array [
    "share",
    "social",
    "tweet",
  ],
  "update": Array [
    "change",
    "core",
  ],
  "upload": Array [
    "attach",
    "attachment",
    "core",
    "export",
    "send",
  ],
  "user": Array [
    "core",
    "person",
    "profile",
  ],
  "vimeo": Array [
    "share",
    "social",
    "video",
  ],
  "visa": Array [
    "card",
    "pay",
    "wallet",
    "social",
  ],
  "wordpress": Array [
    "blog",
    "share",
    "social",
  ],
  "youtube": Array [
    "share",
    "social",
    "video",
  ],
}
`;
