// Jest Snapshot v1, https://goo.gl/fbAQLP

exports[`metadata 1`] = `
Object {
  "Accessibility": Array [
    "body",
    "disabled",
    "disability",
    "human",
  ],
  "Achievement": Array [
    "award",
    "medal",
    "prize",
    "winner",
  ],
  "Action": Array [
    "connect",
    "plug",
  ],
  "Actions": Array [
    "gear",
    "sun",
  ],
  "Ad": Array [
    "advertising",
    "marketing",
    "promotion",
  ],
  "Add": Array [
    "create",
    "core",
    "increase",
    "increment",
    "new",
    "plus",
  ],
  "AddCircle": Array [
    "create",
    "increase",
    "increment",
    "new",
    "plus",
  ],
  "Aed": Array [
    "cpr",
    "defibrillator",
    "emergency",
    "heart",
    "medical",
    "shock",
  ],
  "Aggregate": Array [
    "add",
    "combinatin",
    "combine",
    "join",
    "merge",
  ],
  "Aid": Array [
    "briefcase",
    "care",
    "emergency",
    "first-aid",
    "first aid kit",
    "health",
    "hospital",
  ],
  "AidOption": Array [
    "briefcase",
    "care",
    "emergency",
    "first-aid",
    "first aid kit",
    "health",
    "hospital",
  ],
  "Alarm": Array [
    "alert",
    "alarmclock",
    "bell",
    "clock",
    "time",
    "timer",
  ],
  "Alert": Array [
    "alarm",
    "attention",
    "error",
    "important",
    "warning",
  ],
  "Amazon": Array [
    "buy",
    "marketplace",
    "online",
    "shopping",
    "social",
  ],
  "Amex": Array [
    "atm",
    "card",
    "credit",
    "pay",
    "wallet",
    "social",
  ],
  "Analytics": Array [
    "chart",
    "diagram",
    "dontusepies",
    "graph",
    "pie",
    "report",
    "statistics",
  ],
  "Android": Array [
    "cyborg",
    "droid",
    "humanoid",
    "mobile",
    "os",
    "phone",
    "robot",
    "smartphone",
  ],
  "Announce": Array [
    "bullhorn",
    "loud",
    "speaker",
    "megaphone",
  ],
  "Apple": Array [
    "donglebook",
    "iphone",
    "imac",
    "logo",
    "mac",
    "macbook",
  ],
  "Archive": Array [
    "box",
    "container",
    "document",
    "files",
    "folder",
    "storage",
  ],
  "Archlinux": Array [
    "linux",
    "logo",
    "os",
  ],
  "Article": Array [
    "blog",
    "news",
    "newspaper",
    "press",
  ],
  "Aruba": Array [
    "hpe",
    "logo",
    "networks",
  ],
  "Ascend": Array [
    "arrange",
    "arrow",
    "sort",
    "up",
  ],
  "AssistListening": Array [
    "accessibility",
    "audio",
    "ear",
    "hear",
    "sound",
  ],
  "Atm": Array [
    "bank",
    "card",
    "credit",
    "cash",
    "money",
  ],
  "Attachment": Array [
    "clip",
    "files",
    "paper",
    "paperclip",
  ],
  "Attraction": Array [
    "amusement",
    "carnival",
    "circus",
    "festival",
    "tent",
  ],
  "Baby": Array [
    "child",
    "diaper",
    "kid",
    "newborn",
  ],
  "BackTen": Array [
    "arrow",
    "backward",
    "rewind",
    "seconds",
  ],
  "Bar": Array [
    "beer",
    "cocktail",
    "drink",
    "glass",
    "party",
  ],
  "BarChart": Array [
    "analytics",
    "business",
    "chart",
    "graph",
    "diagram",
  ],
  "Basket": Array [
    "buy",
    "carton",
    "picnic",
    "shopping",
  ],
  "Bike": Array [
    "bicycle",
    "cycle",
    "transport",
  ],
  "Bitcoin": Array [
    "coin",
    "currency",
    "finance",
    "social",
    "pay",
    "money",
    "wallet",
  ],
  "Blog": Array [
    "article",
    "news",
    "feed",
    "web",
  ],
  "Book": Array [
    "education",
    "learning",
    "reading",
    "study",
  ],
  "BusinessService": Array [
    "cloud",
    "webservice",
  ],
  "Cafeteria": Array [
    "cafe",
    "dining",
    "food",
    "fork",
    "meal",
    "restaurant",
    "silverware",
    "spoon",
  ],
  "Calculator": Array [
    "adding machine",
    "accounting",
    "math",
  ],
  "Calendar": Array [
    "date",
    "day",
    "event",
    "schedule",
    "month",
  ],
  "Camera": Array [
    "image",
    "lens",
    "photos",
    "photograpy",
    "picture",
    "shot",
  ],
  "Capacity": Array [
    "bars",
  ],
  "Car": Array [
    "auto",
    "transport",
    "vehicle",
  ],
  "CaretDown": Array [
    "arrow",
    "core",
    "direction",
    "down",
    "expand",
  ],
  "CaretNext": Array [
    "arrow",
    "core",
    "direction",
    "forward",
    "right",
  ],
  "CaretPrevious": Array [
    "arrow",
    "core",
    "direction",
    "rewind",
    "left",
  ],
  "CaretUp": Array [
    "arrow",
    "collapse",
    "core",
    "direction",
    "up",
  ],
  "Cart": Array [
    "buy",
    "ecommerce",
    "shopping",
  ],
  "Catalog": Array [
    "catalogue",
    "book",
    "directory",
    "document",
    "index",
  ],
  "CatalogOption": Array [
    "catalogue",
    "book",
    "directory",
    "document",
    "index",
  ],
  "Centos": Array [
    "linux",
    "logo",
    "os",
  ],
  "Channel": Array [
    "communications",
    "media",
    "network",
    "tv",
    "television",
  ],
  "ChapterAdd": Array [
    "add",
    "create",
    "new",
    "plus",
  ],
  "ChapterNext": Array [
    "arrow",
    "forward",
  ],
  "ChapterPrevious": Array [
    "arrow",
    "backward",
  ],
  "Chat": Array [
    "bubble",
    "conversation",
    "communication",
    "core",
    "help",
    "message",
    "talk",
    "support",
  ],
  "ChatOption": Array [
    "bubble",
    "conversation",
    "communication",
    "core",
    "help",
    "message",
    "talk",
    "support",
  ],
  "Checkbox": Array [
    "mark",
    "tick",
  ],
  "CheckboxSelected": Array [
    "mark",
    "tick",
  ],
  "Checkmark": Array [
    "accept",
    "agree",
    "core",
    "done",
    "good",
    "ok",
  ],
  "Chrome": Array [
    "browser",
    "google",
    "logo",
    "web",
  ],
  "CircleInformation": Array [
    "document",
    "faq",
    "help",
  ],
  "CirclePlay": Array [
    "music",
    "video",
  ],
  "CircleQuestion": Array [
    "faq",
    "help",
    "support",
  ],
  "Clear": Array [
    "forbidden",
    "no",
    "prohibited",
    "stop",
  ],
  "ClearOption": Array [
    "paintbrush",
  ],
  "Cli": Array [
    "dos",
    "line",
    "command",
    "console",
  ],
  "Clipboard": Array [
    "document",
    "list",
    "report",
  ],
  "Close": Array [
    "cancel",
    "core",
    "delete",
    "escape",
    "exit",
    "remove",
    "trash",
  ],
  "ClosedCaption": Array [
    "accessibility",
  ],
  "Cloud": Array [
    "computing",
    "data",
    "network",
    "storage",
    "weather",
  ],
  "CloudComputer": Array [
    "computing",
    "data",
    "network",
    "storage",
  ],
  "CloudDownload": Array [
    "arrow",
    "computing",
    "data",
    "network",
    "storage",
  ],
  "CloudSoftware": Array [
    "application",
    "computing",
    "data",
    "network",
    "storage",
  ],
  "CloudUpload": Array [
    "arrow",
    "backup",
    "computing",
    "data",
    "hosting",
    "network",
    "save",
    "storage",
  ],
  "Cloudlinux": Array [
    "hosting",
    "logo",
    "os",
  ],
  "Cluster": Array [
    "interconnect",
    "map",
    "network",
  ],
  "CoatCheck": Array [
    "clothes",
    "hanger",
    "hotel",
  ],
  "Code": Array [
    "application",
    "coding",
    "development",
    "programming",
    "web",
  ],
  "Codepen": Array [
    "codepen.io",
    "code",
    "demo",
    "logo",
    "media",
    "share",
    "social",
  ],
  "Columns": Array [
    "chart",
    "graph",
    "layout",
    "table",
  ],
  "Compare": Array [
    "ab",
    "a/b",
    "analysis",
    "balance",
    "testing",
    "variations",
  ],
  "Compass": Array [
    "direction",
    "location",
    "map",
    "navigation",
    "tool",
  ],
  "Compliance": Array [
    "checklist",
    "clipboard",
    "mark",
    "protection",
  ],
  "Configure": Array [
    "core",
    "preferences",
    "setting",
    "settings",
    "tool",
    "wrench",
  ],
  "Connect": Array [
    "network",
    "plug",
  ],
  "Connectivity": Array [
    "network",
    "plug",
  ],
  "Contact": Array [
    "bubble",
    "ellipses",
  ],
  "ContactInfo": Array [
    "avatar",
    "icommunication",
    "phone",
    "profile",
  ],
  "Contract": Array [
    "arrow",
    "exit fullscreen",
    "minimize",
  ],
  "Copy": Array [
    "documents",
    "duplicate",
    "files",
    "paste",
  ],
  "CreativeCommons": Array [
    "creative commons",
    "license",
    "social",
  ],
  "CreditCard": Array [
    "amex",
    "atm",
    "debit",
    "mastercard",
    "visa",
    "wallet",
  ],
  "Css3": Array [
    "code",
    "logo",
    "stylesheet",
  ],
  "Cube": Array [
    "3d",
    "box",
    "container",
    "database",
    "package",
  ],
  "Cubes": Array [
    "3d",
    "box",
    "container",
    "database",
    "package",
  ],
  "Currency": Array [
    "cash",
    "dollar",
    "finance",
    "payment",
    "money",
  ],
  "Cursor": Array [
    "arrow",
    "click",
    "mouse",
    "pointer",
  ],
  "Cut": Array [
    "scissors",
    "tool",
  ],
  "Cycle": Array [
    "arrow",
    "recycle",
    "refresh",
    "repeat",
  ],
  "Dashboard": Array [
    "guage",
    "speedometer",
  ],
  "Database": Array [
    "rack",
    "server",
    "storage",
    "network",
  ],
  "Debian": Array [
    "logo",
    "os",
  ],
  "Deliver": Array [
    "delivery",
    "shipping",
    "transport",
    "truck",
  ],
  "Deploy": Array [
    "rocket",
  ],
  "Descend": Array [
    "arrow",
    "downward",
    "sort",
  ],
  "Desktop": Array [
    "computer",
    "monitor",
    "pc",
    "screen",
  ],
  "Detach": Array [
    "cut",
    "paperclip",
    "remove",
  ],
  "Device": Array [
    "iot",
    "technology",
    "tv",
  ],
  "Diamond": Array [
    "gem",
    "jewelry",
    "stone",
  ],
  "Directions": Array [
    "arrow",
    "location",
    "navigation",
  ],
  "Dislike": Array [
    "thumbs",
    "down",
    "like",
  ],
  "Docker": Array [
    "app",
    "container",
    "logo",
    "media",
    "social",
  ],
  "Document": Array [
    "core",
    "files",
    "format",
    "folder",
    "page",
    "paper",
  ],
  "DocumentCloud": Array [
    "cloud",
    "files",
    "folder",
    "page",
    "paper",
  ],
  "DocumentCsv": Array [
    "extension",
    "files",
    "format",
    "folder",
    "page",
    "paper",
  ],
  "DocumentDownload": Array [
    "arrow",
    "files",
    "import",
    "get",
    "page",
    "paper",
    "receive",
  ],
  "DocumentExcel": Array [
    "extension",
    "files",
    "format",
    "folder",
    "microsoft",
    "office",
    "page",
    "paper",
    "xls",
  ],
  "DocumentExe": Array [
    "executable",
    "extension",
    "files",
    "folder",
    "page",
    "paper",
  ],
  "DocumentImage": Array [
    "files",
    "folder",
    "page",
    "paper",
    "photos",
    "picture",
  ],
  "DocumentLocked": Array [
    "files",
    "folder",
    "page",
    "paper",
    "password",
    "secure",
    "security",
  ],
  "DocumentMissing": Array [
    "delete",
    "error",
    "files",
    "folder",
    "page",
    "paper",
    "remove",
  ],
  "DocumentNotes": Array [
    "extension",
    "files",
    "folder",
    "page",
    "paper",
  ],
  "DocumentOutlook": Array [
    "extension",
    "files",
    "folder",
    "microsoft",
    "office",
    "page",
    "paper",
  ],
  "DocumentPdf": Array [
    "extension",
    "files",
    "folder",
    "format",
    "page",
    "paper",
  ],
  "DocumentPerformance": Array [
    "arrow",
    "files",
    "folder",
    "format",
    "page",
    "paper",
  ],
  "DocumentPpt": Array [
    "extension",
    "files",
    "folder",
    "microsoft",
    "office",
    "page",
    "paper",
    "powerpoint",
  ],
  "DocumentRtf": Array [
    "extension",
    "files",
    "folder",
    "format",
    "page",
    "paper",
  ],
  "DocumentSound": Array [
    "audio",
    "files",
    "folder",
    "music",
    "page",
    "paper",
  ],
  "DocumentStore": Array [
    "data",
    "files",
    "folder",
    "page",
    "paper",
  ],
  "DocumentTest": Array [
    "files",
    "flask",
    "folder",
    "page",
    "paper",
  ],
  "DocumentText": Array [
    "extension",
    "files",
    "folder",
    "format",
    "page",
    "paper",
  ],
  "DocumentThreat": Array [
    "bomb",
    "danger",
    "files",
    "folder",
    "malware",
    "page",
    "paper",
    "virus",
  ],
  "DocumentTime": Array [
    "alarm",
    "clock",
    "event",
    "files",
    "folder",
    "page",
    "paper",
  ],
  "DocumentTransfer": Array [
    "arrow",
    "files",
    "folder",
    "page",
    "paper",
  ],
  "DocumentTxt": Array [
    "extension",
    "files",
    "folder",
    "format",
    "page",
    "paper",
  ],
  "DocumentUpdate": Array [
    "arrow",
    "files",
    "folder",
    "page",
    "paper",
    "refresh",
  ],
  "DocumentUpload": Array [
    "arrow",
    "files",
    "import",
    "get",
    "page",
    "paper",
    "send",
  ],
  "DocumentUser": Array [
    "account",
    "avatar",
    "files",
    "folder",
    "page",
    "paper",
    "person",
    "profile",
  ],
  "DocumentVerified": Array [
    "check",
    "files",
    "folder",
    "mark",
    "page",
    "paper",
  ],
  "DocumentVideo": Array [
    "camera",
    "files",
    "folder",
    "page",
    "paper",
    "video",
  ],
  "DocumentWord": Array [
    "extension",
    "files",
    "folder",
    "microsoft",
    "office",
    "page",
    "paper",
  ],
  "DocumentZip": Array [
    "compressed",
    "extension",
    "files",
    "folder",
    "format",
    "page",
    "paper",
  ],
  "Domain": Array [
    "internet",
    "website",
    "www",
  ],
  "Dos": Array [
    "command",
    "code",
    "files",
    "os",
  ],
  "Down": Array [
    "arrow",
    "expand",
    "drop",
  ],
  "Download": Array [
    "arrow",
    "cloud",
    "core",
    "import",
    "get",
    "receive",
  ],
  "Drag": Array [
    "drop",
  ],
  "DriveCage": Array [
    "data",
    "disk",
    "rack",
    "storage",
  ],
  "Dropbox": Array [
    "box",
    "cloud",
    "logo",
    "media",
    "share",
    "social",
  ],
  "Duplicate": Array [
    "add",
    "copy",
  ],
  "Dxc": Array [
    "logo",
  ],
  "Edge": Array [
    "browser",
    "logo",
    "microsoft",
    "web",
  ],
  "Edit": Array [
    "change",
    "core",
    "draw",
    "modify",
    "pen",
    "pencil",
    "write",
  ],
  "Eject": Array [
    "control",
    "media",
    "player",
  ],
  "Elevator": Array [
    "down",
    "lift",
    "up",
    "transport",
  ],
  "Emergency": Array [
    "alert",
    "asterisk",
  ],
  "EmptyCircle": Array [
    "chart",
    "donut",
  ],
  "Erase": Array [
    "delete",
    "eraser",
    "remove",
  ],
  "Escalator": Array [
    "stairs",
    "staircase",
    "moving",
    "up",
  ],
  "Expand": Array [
    "arrow",
    "direction",
    "maximize",
    "full",
    "screen",
  ],
  "Facebook": Array [
    "share",
    "logo",
    "media",
    "network",
    "social",
  ],
  "FacebookOption": Array [
    "share",
    "logo",
    "media",
    "network",
    "social",
  ],
  "Fan": Array [
    "air",
    "cooling",
    "ventilator",
  ],
  "FastForward": Array [
    "arrow",
    "next",
    "right",
  ],
  "Favorite": Array [
    "heart",
    "like",
  ],
  "Fedora": Array [
    "logo",
    "os",
  ],
  "Filter": Array [
    "core",
    "funnel",
    "refine",
    "sort",
    "triage",
  ],
  "FingerPrint": Array [
    "security",
    "biometric",
    "scan",
  ],
  "Fireball": Array [
    "star",
  ],
  "Firefox": Array [
    "browser",
    "logo",
    "web",
  ],
  "Flag": Array [
    "core",
    "nation",
    "warn",
    "warning",
  ],
  "Folder": Array [
    "documents",
    "data",
    "files",
  ],
  "FolderCycle": Array [
    "documents",
    "data",
    "files",
    "recycle",
    "refresh",
  ],
  "FolderOpen": Array [
    "documents",
    "data",
    "files",
  ],
  "FormAdd": Array [
    "create",
    "form",
    "increase",
    "increment",
    "new",
    "plus",
  ],
  "FormCalendar": Array [
    "date",
    "day",
    "event",
    "form",
    "month",
    "schedule",
    "year",
  ],
  "FormCheckmark": Array [
    "accept",
    "agree",
    "done",
    "form",
    "good",
    "ok",
  ],
  "FormClock": Array [
    "alarm",
    "form",
    "hour",
    "minute",
    "second",
    "time",
    "timer",
    "watch",
  ],
  "FormClose": Array [
    "cancel",
    "close",
    "delete",
    "escape",
    "exit",
    "form",
    "remove",
    "trash",
  ],
  "FormCut": Array [
    "scissors",
    "form",
    "tool",
  ],
  "FormDown": Array [
    "arrow",
    "direction",
    "form",
    "down",
    "expand",
    "up",
  ],
  "FormFilter": Array [
    "form",
    "funnel",
    "refine",
    "sort",
    "triage",
  ],
  "FormFolder": Array [
    "files",
    "document",
    "form",
    "organize",
  ],
  "FormLocation": Array [
    "directions",
    "form",
    "gps",
    "map",
    "navigation",
    "pin",
  ],
  "FormLock": Array [
    "form",
    "locker",
    "password",
    "permissions",
    "protection",
    "secure",
    "security",
  ],
  "FormNext": Array [
    "arrow",
    "direction",
    "form",
    "forward",
    "next",
    "right",
  ],
  "FormNextLink": Array [
    "arrow",
    "direction",
    "form",
    "forward",
    "next",
    "right",
  ],
  "FormPrevious": Array [
    "arrow",
    "back",
    "backward",
    "direction",
    "form",
    "left",
    "return",
  ],
  "FormPreviousLink": Array [
    "arrow",
    "back",
    "backward",
    "direction",
    "form",
    "left",
    "return",
  ],
  "FormRefresh": Array [
    "arrow",
    "form",
    "pull",
    "reload",
    "sync",
    "update",
  ],
  "FormSchedule": Array [
    "appointment",
    "calendar",
    "date",
    "event",
    "form",
    "meeting",
    "time",
  ],
  "FormSearch": Array [
    "find",
    "form",
    "lookup",
    "magnifier",
    "search",
  ],
  "FormSubtract": Array [
    "decrement",
    "delete",
    "form",
    "minus",
    "reduce",
    "remove",
  ],
  "FormTrash": Array [
    "bin",
    "clear",
    "core",
    "delete",
    "eliminate",
    "escape",
    "form",
    "garbage",
    "remove",
  ],
  "FormUp": Array [
    "arrow",
    "direction",
    "collapse",
    "form",
    "up",
  ],
  "FormUpload": Array [
    "arrow",
    "attach",
    "attachment",
    "cloud",
    "export",
    "files",
    "form",
    "send",
  ],
  "FormView": Array [
    "eye",
    "form",
    "open",
  ],
  "FormViewHide": Array [
    "close",
    "eye",
    "form",
  ],
  "Gallery": Array [
    "image",
    "pictures",
    "photos",
  ],
  "Gamepad": Array [
    "joystick",
    "play",
    "sports",
  ],
  "Gift": Array [
    "birthday",
    "box",
    "christmas",
    "present",
  ],
  "Github": Array [
    "code",
    "demo",
    "logo",
    "media",
    "share",
    "social",
    "opensource",
  ],
  "Globe": Array [
    "earth",
    "global",
    "planet",
    "world",
  ],
  "Golang": Array [
    "code",
    "google",
    "logo",
  ],
  "Google": Array [
    "logo",
    "search",
  ],
  "GooglePlus": Array [
    "logo",
    "media",
    "share",
    "social",
  ],
  "GoogleWallet": Array [
    "logo",
    "media",
    "online",
    "pay",
    "social",
    "transaction",
    "wallet",
  ],
  "Gremlin": Array [
    "awesome",
    "grommet",
  ],
  "Grid": Array [
    "line",
    "layout",
  ],
  "Grommet": Array [
    "awesome",
    "logo",
  ],
  "Group": Array [
    "people",
    "team",
    "users",
  ],
  "Grow": Array [
    "growth",
    "plant",
  ],
  "Instagram": Array [
    "camera",
    "image",
    "logo",
    "media",
    "picture",
    "photos",
    "share",
    "social",
    "video",
  ],
  "LinkNext": Array [
    "arrow",
    "core",
    "direction",
    "forward",
    "next",
    "right",
  ],
  "LinkPrevious": Array [
    "arrow",
    "back",
    "backward",
    "core",
    "direction",
    "left",
    "return",
  ],
  "Linkedin": Array [
    "logo",
    "network",
    "media",
    "share",
    "social",
  ],
  "LinkedinOption": Array [
    "logo",
    "network",
    "media",
    "share",
    "social",
  ],
  "Mail": Array [
    "email",
    "envelope",
    "letter",
    "message",
    "social",
  ],
  "Mastercard": Array [
    "card",
    "credit",
    "logo",
    "pay",
    "wallet",
    "social",
    "visa",
  ],
  "Medium": Array [
    "blog",
    "logo",
    "media",
    "share",
    "social",
  ],
  "More": Array [
    "actions",
    "core",
    "ellipses",
  ],
  "Next": Array [
    "arrow",
    "core",
    "direction",
    "forward",
    "next",
    "right",
  ],
  "Notification": Array [
    "alarm",
    "alert",
    "bell",
    "core",
    "message",
    "notify",
    "warn",
    "warning",
  ],
  "Paypal": Array [
    "card",
    "logo",
    "media",
    "money",
    "social",
    "pay",
    "wallet",
  ],
  "Pinterest": Array [
    "logo",
    "media",
    "share",
    "social",
  ],
  "Previous": Array [
    "arrow",
    "back",
    "backward",
    "core",
    "direction",
    "left",
    "return",
  ],
  "Product-hunt": Array [
    "logo",
    "media",
    "share",
    "social",
  ],
  "Reddit": Array [
    "logo",
    "media",
    "online",
    "social",
    "share",
  ],
  "Refresh": Array [
    "arrow",
    "core",
    "reload",
    "pull",
    "sync",
    "update",
  ],
  "Search": Array [
    "core",
    "find",
    "lookup",
    "magnifier",
    "zoom",
  ],
  "Share": Array [
    "connections",
    "score",
    "open",
    "network",
    "publish",
  ],
  "Skype": Array [
    "call",
    "chat",
    "conference",
    "logo",
    "media",
    "phone",
    "social",
    "video",
  ],
  "Slack": Array [
    "chat",
    "help",
    "logo",
    "media",
    "message",
    "talk",
    "share",
    "social",
    "support",
  ],
  "Snapchat": Array [
    "ghost",
    "image",
    "logo",
    "media",
    "picture",
    "photos",
    "share",
    "social",
    "video",
  ],
  "Square": Array [
    "logo",
    "media",
    "social",
    "pay",
    "wallet",
  ],
  "StackOverflow": Array [
    "code",
    "help",
    "logo",
    "media",
    "share",
    "social",
  ],
  "Stripe": Array [
    "logo",
    "media",
    "pay",
    "social",
    "wallet",
  ],
  "Subtract": Array [
    "core",
    "decrement",
    "minus",
    "reduce",
  ],
  "Trash": Array [
    "bin",
    "clear",
    "core",
    "delete",
    "eliminate",
    "escape",
    "garbage",
    "remove",
  ],
  "Tumblr": Array [
    "blog",
    "image",
    "logo",
    "media",
    "picture",
    "photos",
    "share",
    "social",
    "video",
  ],
  "Twitter": Array [
    "bird",
    "logo",
    "media",
    "share",
    "social",
    "tweet",
  ],
  "Update": Array [
    "arrow",
    "change",
    "core",
    "reload",
    "refresh",
  ],
  "Upload": Array [
    "arrow",
    "attach",
    "attachment",
    "cloud",
    "core",
    "export",
    "files",
    "send",
  ],
  "User": Array [
    "account",
    "avatar",
    "core",
    "person",
    "profile",
  ],
  "Vimeo": Array [
    "logo",
    "media",
    "share",
    "social",
    "video",
  ],
  "Visa": Array [
    "amex",
    "card",
    "credit",
    "mastercard",
    "media",
    "pay",
    "social",
    "wallet",
  ],
  "Wordpress": Array [
    "blog",
    "logo",
    "media",
    "share",
    "social",
  ],
  "Youtube": Array [
    "logo",
    "media",
    "play",
    "share",
    "social",
    "video",
  ],
  "formAttachment": Array [
    "attach",
    "clip",
    "files",
    "form",
    "paper",
    "upload",
  ],
}
`;
