// Jest Snapshot v1, https://goo.gl/fbAQLP

exports[`metadata 1`] = `
Object {
  "Accessibility": Array [
    "body",
    "disabled",
    "disability",
    "human",
    "person",
  ],
  "Achievement": Array [
    "award",
    "medal",
    "prize",
    "trophy",
    "winner",
  ],
  "Action": Array [
    "connect",
    "plug",
  ],
  "Actions": Array [
    "gear",
    "sun",
  ],
  "Ad": Array [
    "advertising",
    "marketing",
    "promotion",
  ],
  "Add": Array [
    "create",
    "core",
    "increase",
    "increment",
    "new",
    "plus",
  ],
  "AddCircle": Array [
    "create",
    "increase",
    "increment",
    "new",
    "plus",
  ],
  "Aed": Array [
    "cpr",
    "defibrillator",
    "emergency",
    "heart",
    "medical",
    "shock",
  ],
  "Aggregate": Array [
    "add",
    "combinatin",
    "combine",
    "join",
    "merge",
  ],
  "Aid": Array [
    "briefcase",
    "care",
    "emergency",
    "first-aid",
    "first aid kit",
    "health",
    "hospital",
  ],
  "AidOption": Array [
    "briefcase",
    "care",
    "emergency",
    "first-aid",
    "first aid kit",
    "health",
    "hospital",
  ],
  "Alarm": Array [
    "alert",
    "alarmclock",
    "bell",
    "clock",
    "hands",
    "time",
    "timer",
  ],
  "Alert": Array [
    "alarm",
    "attention",
    "error",
    "exclamation",
    "important",
    "warning",
  ],
  "Amazon": Array [
    "buy",
    "marketplace",
    "online",
    "shopping",
    "social",
  ],
  "Amex": Array [
    "atm",
    "card",
    "credit",
    "pay",
    "wallet",
    "social",
  ],
  "Analytics": Array [
    "chart",
    "diagram",
    "dontusepies",
    "graph",
    "pie",
    "report",
    "statistics",
  ],
  "Android": Array [
    "cyborg",
    "droid",
    "humanoid",
    "mobile",
    "os",
    "phone",
    "robot",
    "smartphone",
  ],
  "Announce": Array [
    "bullhorn",
    "loud",
    "speaker",
    "megaphone",
  ],
  "Apple": Array [
    "donglebook",
    "iphone",
    "imac",
    "logo",
    "mac",
    "macbook",
  ],
  "Apps": Array [
    "grid",
    "menu",
  ],
  "Archive": Array [
    "backup",
    "box",
    "container",
    "document",
    "files",
    "folder",
    "storage",
  ],
  "Archlinux": Array [
    "linux",
    "logo",
    "os",
  ],
  "Article": Array [
    "blog",
    "news",
    "newspaper",
    "press",
  ],
  "Aruba": Array [
    "hpe",
    "logo",
    "networks",
    "iot",
  ],
  "Ascend": Array [
    "arrange",
    "arrows",
    "sort",
    "up",
  ],
  "AssistListening": Array [
    "accessibility",
    "audio",
    "ear",
    "hear",
    "sound",
  ],
  "Atm": Array [
    "bank",
    "card",
    "credit",
    "cash",
    "finance",
    "money",
  ],
  "Attachment": Array [
    "clip",
    "files",
    "paper",
    "paperclip",
  ],
  "Attraction": Array [
    "amusement",
    "carnival",
    "circus",
    "festival",
    "tent",
  ],
  "Baby": Array [
    "child",
    "diaper",
    "kid",
    "newborn",
    "person",
  ],
  "BackTen": Array [
    "arrows",
    "backward",
    "rewind",
    "player",
    "seconds",
    "skip",
  ],
  "Bar": Array [
    "beer",
    "cocktail",
    "drink",
    "glass",
    "party",
  ],
  "BarChart": Array [
    "analytics",
    "business",
    "chart",
    "graph",
    "diagram",
  ],
  "Basket": Array [
    "buy",
    "carton",
    "checkout",
    "picnic",
    "shopping",
  ],
  "Bike": Array [
    "bicycle",
    "cycle",
    "sport",
    "transportation",
  ],
  "Bitcoin": Array [
    "coin",
    "currency",
    "finance",
    "social",
    "pay",
    "money",
    "wallet",
  ],
  "BlockQuote": Array [
    "formatting",
    "text",
    "editor",
  ],
  "Blog": Array [
    "article",
    "news",
    "feed",
    "web",
  ],
  "Bold": Array [
    "formatting",
    "text",
    "editor",
  ],
  "Book": Array [
    "education",
    "learning",
    "reading",
    "study",
  ],
  "Bookmark": Array [
    "document",
  ],
  "BottomCorner": Array [
    "arrows",
    "right",
  ],
  "Braille": Array [
    "accessibility",
    "blind",
  ],
  "Briefcase": Array [
    "luggage",
    "travel",
  ],
  "Brush": Array [
    "tools",
    "paint",
  ],
  "Bug": Array [
    "fixing",
    "insect",
    "repair",
    "virus",
  ],
  "Bundle": Array [
    "money",
    "stack",
  ],
  "Bus": Array [
    "directions",
    "transportation",
    "travel",
    "vehicle",
  ],
  "BusinessService": Array [
    "briefcase",
    "services",
  ],
  "Cafeteria": Array [
    "cafe",
    "dining",
    "food",
    "fork",
    "meal",
    "restaurant",
    "silverware",
    "spoon",
  ],
  "Calculator": Array [
    "adding machine",
    "accounting",
    "math",
  ],
  "Calendar": Array [
    "iappointment",
    "date",
    "day",
    "event",
    "plan",
    "schedule",
    "month",
  ],
  "Camera": Array [
    "image",
    "lens",
    "photos",
    "photograpy",
    "picture",
    "shot",
  ],
  "Capacity": Array [
    "bars",
  ],
  "Car": Array [
    "auto",
    "directions",
    "transportation",
    "vehicle",
  ],
  "CaretDown": Array [
    "arrows",
    "core",
    "direction",
    "down",
    "expand",
  ],
  "CaretNext": Array [
    "arrows",
    "core",
    "direction",
    "forward",
    "right",
  ],
  "CaretPrevious": Array [
    "arrows",
    "core",
    "direction",
    "rewind",
    "left",
  ],
  "CaretUp": Array [
    "arrows",
    "collapse",
    "core",
    "direction",
    "up",
  ],
  "Cart": Array [
    "buy",
    "checkout",
    "ecommerce",
    "shopping",
  ],
  "Catalog": Array [
    "catalogue",
    "book",
    "directory",
    "document",
    "index",
  ],
  "CatalogOption": Array [
    "catalogue",
    "book",
    "directory",
    "document",
    "index",
  ],
  "Centos": Array [
    "linux",
    "logo",
    "os",
  ],
  "Channel": Array [
    "communications",
    "media",
    "network",
    "tv",
    "television",
  ],
  "ChapterAdd": Array [
    "add",
    "create",
    "new",
    "plus",
  ],
  "ChapterNext": Array [
    "arrows",
    "forward",
  ],
  "ChapterPrevious": Array [
    "arrows",
    "backward",
  ],
  "Chat": Array [
    "bubble",
    "conversation",
    "communication",
    "core",
    "help",
    "messages",
    "talk",
    "support",
  ],
  "ChatOption": Array [
    "bubble",
    "conversation",
    "communication",
    "core",
    "help",
    "messages",
    "talk",
    "support",
  ],
  "Checkbox": Array [
    "mark",
    "tick",
  ],
  "CheckboxSelected": Array [
    "mark",
    "tick",
  ],
  "Checkmark": Array [
    "accept",
    "agree",
    "core",
    "done",
    "good",
    "ok",
  ],
  "Chrome": Array [
    "browser",
    "google",
    "logo",
    "web",
  ],
  "CircleInformation": Array [
    "document",
    "faq",
    "help",
    "hint",
  ],
  "CirclePlay": Array [
    "music",
    "video",
  ],
  "CircleQuestion": Array [
    "faq",
    "help",
    "support",
  ],
  "Clear": Array [
    "forbidden",
    "no",
    "prohibited",
    "stop",
  ],
  "ClearOption": Array [
    "paintbrush",
  ],
  "Cli": Array [
    "dos",
    "line",
    "command",
    "console",
  ],
  "Clipboard": Array [
    "document",
    "list",
    "report",
  ],
  "Clock": Array [
    "date",
    "timer",
    "hands",
    "hour",
    "watch",
  ],
  "Clone": Array [
    "copy",
    "duplicate",
    "layers",
  ],
  "Close": Array [
    "cancel",
    "core",
    "delete",
    "escape",
    "exit",
    "remove",
    "trash",
  ],
  "ClosedCaption": Array [
    "accessibility",
  ],
  "Cloud": Array [
    "computing",
    "data",
    "network",
    "storage",
    "weather",
  ],
  "CloudComputer": Array [
    "computing",
    "data",
    "network",
    "storage",
  ],
  "CloudDownload": Array [
    "arrows",
    "computing",
    "data",
    "network",
    "storage",
  ],
  "CloudSoftware": Array [
    "application",
    "computing",
    "data",
    "network",
    "storage",
  ],
  "CloudUpload": Array [
    "arrows",
    "backup",
    "computing",
    "data",
    "hosting",
    "network",
    "save",
    "storage",
  ],
  "Cloudlinux": Array [
    "hosting",
    "logo",
    "os",
  ],
  "Cluster": Array [
    "interconnect",
    "map",
    "network",
  ],
  "CoatCheck": Array [
    "clothes",
    "hanger",
    "hotel",
  ],
  "Code": Array [
    "application",
    "coding",
    "development",
    "programming",
    "web",
  ],
  "Codepen": Array [
    "codepen.io",
    "code",
    "demo",
    "logo",
    "media",
    "share",
    "social",
  ],
  "Columns": Array [
    "chart",
    "graph",
    "layout",
    "table",
  ],
  "Compare": Array [
    "ab",
    "a/b",
    "analytics",
    "balance",
    "testing",
    "variations",
  ],
  "Compass": Array [
    "direction",
    "location",
    "map",
    "navigation",
    "tools",
  ],
  "Compliance": Array [
    "checklist",
    "clipboard",
    "mark",
    "protection",
  ],
  "Configure": Array [
    "core",
    "preferences",
    "setting",
    "settings",
    "tools",
    "wrench",
  ],
  "Connect": Array [
    "network",
    "plug",
  ],
  "Connectivity": Array [
    "network",
    "plug",
  ],
  "Contact": Array [
    "bubble",
    "ellipses",
  ],
  "ContactInfo": Array [
    "avatar",
    "icommunication",
    "phone",
    "profile",
  ],
  "Contract": Array [
    "arrows",
    "exit fullscreen",
    "minimize",
  ],
  "Copy": Array [
    "documents",
    "duplicate",
    "files",
    "paste",
  ],
  "CreativeCommons": Array [
    "creative commons",
    "license",
    "social",
  ],
  "CreditCard": Array [
    "amex",
    "atm",
    "debit",
    "mastercard",
    "visa",
    "wallet",
  ],
  "Css3": Array [
    "code",
    "coding",
    "logo",
    "stylesheet",
  ],
  "Cube": Array [
    "3d",
    "box",
    "container",
    "database",
    "package",
  ],
  "Cubes": Array [
    "3d",
    "box",
    "container",
    "database",
    "package",
  ],
  "Currency": Array [
    "cash",
    "dollar",
    "finance",
    "payment",
    "money",
  ],
  "Cursor": Array [
    "arrows",
    "click",
    "mouse",
    "pointer",
  ],
  "Cut": Array [
    "scissors",
    "tools",
  ],
  "Cycle": Array [
    "arrows",
    "recycle",
    "refresh",
    "repeat",
  ],
  "Dashboard": Array [
    "guage",
    "speedometer",
  ],
  "Database": Array [
    "rack",
    "server",
    "storage",
  ],
  "Debian": Array [
    "logo",
    "os",
  ],
  "Deliver": Array [
    "delivery",
    "shipping",
    "transportation",
    "truck",
  ],
  "Deploy": Array [
    "rocket",
    "spaceship",
  ],
  "Descend": Array [
    "arrows",
    "downward",
    "sort",
  ],
  "Desktop": Array [
    "computer",
    "display",
    "monitor",
    "pc",
    "screen",
  ],
  "Detach": Array [
    "cut",
    "paperclip",
    "remove",
  ],
  "Device": Array [
    "iot",
    "technology",
    "tv",
  ],
  "Diamond": Array [
    "gem",
    "jewelry",
    "stone",
  ],
  "Directions": Array [
    "arrows",
    "location",
    "navigation",
  ],
  "Disc": Array [
    "cd",
    "disk",
  ],
  "Dislike": Array [
    "thumbs",
    "down",
    "like",
  ],
  "Docker": Array [
    "app",
    "container",
    "logo",
    "media",
    "social",
  ],
  "Document": Array [
    "core",
    "files",
    "format",
    "folder",
    "page",
    "paper",
  ],
  "DocumentCloud": Array [
    "cloud",
    "files",
    "folder",
    "page",
    "paper",
  ],
  "DocumentConfig": Array [
    "files",
    "folder",
    "gear",
    "page",
    "paper",
  ],
  "DocumentCsv": Array [
    "extension",
    "files",
    "format",
    "folder",
    "page",
    "paper",
  ],
  "DocumentDownload": Array [
    "arrows",
    "files",
    "import",
    "get",
    "page",
    "paper",
    "receive",
  ],
  "DocumentExcel": Array [
    "extension",
    "files",
    "format",
    "folder",
    "microsoft",
    "office",
    "page",
    "paper",
    "xls",
  ],
  "DocumentImage": Array [
    "files",
    "folder",
    "page",
    "paper",
    "photography",
    "photos",
    "picture",
  ],
  "DocumentLocked": Array [
    "files",
    "folder",
    "page",
    "paper",
    "password",
    "secure",
    "security",
  ],
  "DocumentMissing": Array [
    "delete",
    "error",
    "files",
    "folder",
    "page",
    "paper",
    "remove",
  ],
  "DocumentNotes": Array [
    "extension",
    "files",
    "folder",
    "page",
    "paper",
  ],
  "DocumentOutlook": Array [
    "extension",
    "files",
    "folder",
    "microsoft",
    "office",
    "page",
    "paper",
  ],
  "DocumentPdf": Array [
    "extension",
    "files",
    "folder",
    "format",
    "page",
    "paper",
  ],
  "DocumentPerformance": Array [
    "arrows",
    "files",
    "folder",
    "format",
    "page",
    "paper",
  ],
  "DocumentPpt": Array [
    "extension",
    "files",
    "folder",
    "microsoft",
    "office",
    "page",
    "paper",
    "powerpoint",
  ],
  "DocumentRtf": Array [
    "extension",
    "files",
    "folder",
    "format",
    "page",
    "paper",
  ],
  "DocumentSound": Array [
    "audio",
    "files",
    "folder",
    "music",
    "page",
    "paper",
  ],
  "DocumentStore": Array [
    "data",
    "files",
    "folder",
    "page",
    "paper",
  ],
  "DocumentTest": Array [
    "biology",
    "chemistry",
    "files",
    "flask",
    "folder",
    "page",
    "paper",
    "research",
    "science",
  ],
  "DocumentText": Array [
    "extension",
    "files",
    "folder",
    "format",
    "page",
    "paper",
  ],
  "DocumentThreat": Array [
    "bomb",
    "danger",
    "files",
    "folder",
    "malware",
    "page",
    "paper",
    "virus",
  ],
  "DocumentTime": Array [
    "alarm",
    "clock",
    "event",
    "files",
    "folder",
    "hands",
    "page",
    "paper",
  ],
  "DocumentTransfer": Array [
    "arrows",
    "files",
    "folder",
    "page",
    "paper",
  ],
  "DocumentTxt": Array [
    "extension",
    "files",
    "folder",
    "format",
    "page",
    "paper",
  ],
  "DocumentUpdate": Array [
    "arrows",
    "files",
    "folder",
    "page",
    "paper",
    "refresh",
  ],
  "DocumentUpload": Array [
    "arrows",
    "files",
    "import",
    "get",
    "page",
    "paper",
    "send",
  ],
  "DocumentUser": Array [
    "account",
    "avatar",
    "files",
    "folder",
    "page",
    "paper",
    "person",
    "profile",
  ],
  "DocumentVerified": Array [
    "check",
    "files",
    "folder",
    "mark",
    "page",
    "paper",
  ],
  "DocumentVideo": Array [
    "camera",
    "files",
    "folder",
    "page",
    "paper",
    "video",
  ],
  "DocumentWindows": Array [
    "executable",
    "extension",
    "files",
    "folder",
    "page",
    "paper",
  ],
  "DocumentWord": Array [
    "extension",
    "files",
    "folder",
    "microsoft",
    "office",
    "page",
    "paper",
  ],
  "DocumentZip": Array [
    "compressed",
    "extension",
    "files",
    "folder",
    "format",
    "page",
    "paper",
  ],
  "Domain": Array [
    "internet",
    "website",
    "www",
  ],
  "Dos": Array [
    "command",
    "code",
    "files",
    "os",
  ],
  "Down": Array [
    "arrows",
    "expand",
    "direction",
    "drop",
  ],
  "Download": Array [
    "arrows",
    "cloud",
    "core",
    "import",
    "get",
    "receive",
  ],
  "Drag": Array [
    "drop",
  ],
  "DriveCage": Array [
    "data",
    "disk",
    "rack",
    "storage",
  ],
  "Dropbox": Array [
    "box",
    "cloud",
    "logo",
    "media",
    "share",
    "social",
  ],
  "Duplicate": Array [
    "add",
    "copy",
  ],
  "Dxc": Array [
    "awesome",
    "logo",
  ],
  "Edge": Array [
    "browser",
    "logo",
    "microsoft",
    "web",
  ],
  "Edit": Array [
    "change",
    "core",
    "draw",
    "modify",
    "pen",
    "pencil",
    "write",
  ],
  "Eject": Array [
    "media",
    "player",
  ],
  "Elevator": Array [
    "down",
    "lift",
    "up",
    "transportation",
  ],
  "Emergency": Array [
    "alert",
    "asterisk",
  ],
  "Emoji": Array [
    "emoticon",
    "reaction",
    "comment",
  ],
  "EmptyCircle": Array [
    "chart",
    "donut",
  ],
  "Erase": Array [
    "delete",
    "eraser",
    "remove",
  ],
  "Escalator": Array [
    "stairs",
    "staircase",
    "moving",
    "transportation",
    "person",
    "up",
  ],
  "Expand": Array [
    "arrows",
    "direction",
    "maximize",
    "full",
    "screen",
  ],
  "Facebook": Array [
    "share",
    "logo",
    "media",
    "network",
    "social",
  ],
  "FacebookOption": Array [
    "share",
    "logo",
    "media",
    "network",
    "social",
  ],
  "Fan": Array [
    "air",
    "cooling",
    "ventilator",
  ],
  "FastForward": Array [
    "arrows",
    "next",
    "player",
    "right",
  ],
  "Favorite": Array [
    "heart",
    "like",
    "favorite",
  ],
  "Fedora": Array [
    "logo",
    "os",
  ],
  "Filter": Array [
    "core",
    "funnel",
    "refine",
    "sort",
    "triage",
  ],
  "FingerPrint": Array [
    "security",
    "biometric",
    "scan",
  ],
  "Fireball": Array [
    "star",
  ],
  "Firefox": Array [
    "browser",
    "logo",
    "web",
  ],
  "Flag": Array [
    "core",
    "nation",
    "warn",
    "warning",
  ],
  "Folder": Array [
    "documents",
    "data",
    "files",
  ],
  "FolderCycle": Array [
    "documents",
    "data",
    "files",
    "recycle",
    "refresh",
  ],
  "FolderOpen": Array [
    "documents",
    "data",
    "files",
  ],
  "FormAdd": Array [
    "create",
    "form",
    "increase",
    "increment",
    "new",
    "plus",
  ],
  "FormCalendar": Array [
    "date",
    "day",
    "event",
    "form",
    "month",
    "schedule",
    "year",
  ],
  "FormCheckmark": Array [
    "accept",
    "agree",
    "done",
    "form",
    "good",
    "ok",
  ],
  "FormClock": Array [
    "alarm",
    "form",
    "hour",
    "minute",
    "second",
    "time",
    "timer",
    "watch",
  ],
  "FormClose": Array [
    "cancel",
    "close",
    "delete",
    "escape",
    "exit",
    "form",
    "remove",
    "trash",
  ],
  "FormCut": Array [
    "scissors",
    "form",
    "tools",
  ],
  "FormDown": Array [
    "arrows",
    "direction",
    "form",
    "down",
    "expand",
    "up",
  ],
  "FormFilter": Array [
    "form",
    "funnel",
    "refine",
    "sort",
    "triage",
  ],
  "FormFolder": Array [
    "files",
    "document",
    "form",
    "organize",
  ],
  "FormLocation": Array [
    "directions",
    "form",
    "gps",
    "map",
    "navigation",
    "pin",
  ],
  "FormLock": Array [
    "close",
    "form",
    "locker",
    "password",
    "permissions",
    "protection",
    "secure",
    "security",
  ],
  "FormNext": Array [
    "arrows",
    "direction",
    "form",
    "forward",
    "next",
    "right",
  ],
  "FormNextLink": Array [
    "arrows",
    "direction",
    "form",
    "forward",
    "next",
    "right",
  ],
  "FormPrevious": Array [
    "arrows",
    "back",
    "backward",
    "direction",
    "form",
    "left",
    "return",
  ],
  "FormPreviousLink": Array [
    "arrows",
    "back",
    "backward",
    "direction",
    "form",
    "left",
    "return",
  ],
  "FormRefresh": Array [
    "arrows",
    "form",
    "pull",
    "reload",
    "sync",
    "update",
  ],
  "FormSchedule": Array [
    "appointment",
    "calendar",
    "date",
    "event",
    "form",
    "meeting",
    "time",
  ],
  "FormSearch": Array [
    "find",
    "form",
    "lookup",
    "magnifier",
    "search",
  ],
  "FormSubtract": Array [
    "decrement",
    "delete",
    "form",
    "minus",
    "reduce",
    "remove",
  ],
  "FormTrash": Array [
    "bin",
    "clear",
    "core",
    "delete",
    "eliminate",
    "form",
    "garbage",
    "remove",
  ],
  "FormUp": Array [
    "arrows",
    "direction",
    "collapse",
    "form",
    "up",
  ],
  "FormUpload": Array [
    "arrows",
    "attach",
    "attachment",
    "cloud",
    "export",
    "files",
    "form",
    "send",
  ],
  "FormView": Array [
    "eye",
    "form",
    "open",
  ],
  "FormViewHide": Array [
    "close",
    "eye",
    "form",
  ],
  "ForwardTen": Array [
    "arrows",
    "seconds",
    "player",
    "skip",
  ],
  "Freebsd": Array [
    "logo",
    "os",
    "unix",
  ],
  "Gallery": Array [
    "image",
    "pictures",
    "photography",
    "photos",
  ],
  "Gamepad": Array [
    "joystick",
    "play",
    "sports",
  ],
  "Gift": Array [
    "birthday",
    "box",
    "christmas",
    "present",
  ],
  "Github": Array [
    "code",
    "demo",
    "logo",
    "media",
    "share",
    "social",
    "opensource",
  ],
  "Globe": Array [
    "earth",
    "global",
    "internet",
    "planet",
    "world",
  ],
  "Golang": Array [
    "code",
    "google",
    "logo",
  ],
  "Google": Array [
    "logo",
    "search",
  ],
  "GooglePlus": Array [
    "logo",
    "media",
    "share",
    "social",
  ],
  "GoogleWallet": Array [
    "logo",
    "media",
    "online",
    "pay",
    "social",
    "transaction",
    "wallet",
  ],
  "Gremlin": Array [
    "awesome",
    "grommet",
  ],
  "Grid": Array [
    "line",
    "layout",
  ],
  "Grommet": Array [
    "awesome",
    "logo",
  ],
  "Group": Array [
    "people",
    "team",
    "person",
    "users",
  ],
  "Grow": Array [
    "growth",
    "plant",
  ],
  "Hadoop": Array [
    "big",
    "database",
    "logo",
  ],
  "Halt": Array [
    "hand",
    "sign",
    "stop",
  ],
  "Help": Array [
    "hint",
    "information",
    "service",
    "support",
    "question",
  ],
  "Heroku": Array [
    "cloud",
    "deployment",
    "logo",
    "paas",
  ],
  "History": Array [
    "backup",
    "clock",
    "hands",
    "timer",
    "schedule",
  ],
  "Home": Array [
    "building",
    "estate",
    "house",
    "real",
  ],
  "Horton": Array [
    "big",
    "data",
    "logo",
  ],
  "Host": Array [
    "computer",
    "database",
    "hosting",
    "mainframe",
    "rack",
    "server",
  ],
  "HostMaintenance": Array [
    "hosting",
    "rack",
    "server",
    "service",
    "settings",
    "repair",
  ],
  "Hp": Array [
    "awesome",
    "hewlett",
    "logo",
    "packard",
  ],
  "Hpe": Array [
    "awesome",
    "enterprise",
    "hewlett",
    "iot",
    "logo",
    "packard",
  ],
  "HpeLabs": Array [
    "awesome",
    "enterprise",
    "hewlett",
    "logo",
    "packard",
  ],
  "Hpi": Array [
    "awesome",
    "hewlett",
    "logo",
    "packard",
  ],
  "Html5": Array [
    "code",
    "coding",
    "web",
  ],
  "IceCream": Array [
    "dessert",
    "food",
  ],
  "Image": Array [
    "photography",
    "photos",
    "picture",
  ],
  "Impact": Array [
    "crash",
    "explode",
  ],
  "InProgress": Array [
    "clock",
    "hourglass",
    "timer",
  ],
  "Inbox": Array [
    "email",
    "messages",
    "letter",
    "tray",
  ],
  "Indicator": Array [
    "location",
    "marker",
    "pin",
  ],
  "Info": Array [
    "bulb",
    "data",
    "help",
    "idea",
    "information",
    "light",
    "support",
  ],
  "Inherit": Array [
    "family",
    "pedigree",
    "tree",
  ],
  "Inspect": Array [
    "eye",
    "glasses",
    "spectacles",
  ],
  "Instagram": Array [
    "camera",
    "image",
    "logo",
    "media",
    "picture",
    "photography",
    "photos",
    "share",
    "social",
    "video",
  ],
  "Install": Array [
    "configuration",
    "download",
    "settings",
    "setup",
  ],
  "InstallOption": Array [
    "arrows",
    "configuration",
    "download",
    "settings",
    "setup",
  ],
  "Integration": Array [
    "connection",
    "plug",
    "system",
  ],
  "InternetExplorer": Array [
    "browser",
    "logo",
    "web",
  ],
  "Italic": Array [
    "formatting",
    "text",
    "editor",
  ],
  "Iteration": Array [
    "cascade",
    "iterate",
    "repeat",
    "stack",
    "steps",
  ],
  "Java": Array [
    "coffee",
    "code",
    "coding",
    "cup",
  ],
  "Language": Array [
    "earth",
    "internet",
    "translate",
    "world",
  ],
  "Launch": Array [
    "rocket",
    "spaceship",
    "startup",
  ],
  "Layer": Array [
    "arrange",
    "cascade",
    "layers",
    "stack",
  ],
  "License": Array [
    "key",
    "lock",
  ],
  "Like": Array [
    "favorite",
    "heart",
    "thumbs",
    "up",
  ],
  "LineChart": Array [
    "graph",
    "grow",
    "time",
  ],
  "Link": Array [
    "chain",
    "connection",
    "network",
    "web",
  ],
  "LinkBottom": Array [
    "align",
    "arrows",
    "direction",
    "down",
  ],
  "LinkDown": Array [
    "arrows",
    "direction",
    "down",
  ],
  "LinkNext": Array [
    "arrows",
    "core",
    "direction",
    "forward",
    "next",
    "right",
  ],
  "LinkPrevious": Array [
    "arrows",
    "back",
    "backward",
    "core",
    "direction",
    "left",
    "return",
  ],
  "LinkTop": Array [
    "arrows",
    "direction",
    "up",
  ],
  "LinkUp": Array [
    "arrows",
    "direction",
    "up",
  ],
  "Linkedin": Array [
    "logo",
    "network",
    "media",
    "share",
    "social",
  ],
  "LinkedinOption": Array [
    "logo",
    "network",
    "media",
    "share",
    "social",
  ],
  "Local": Array [
    "flag",
    "language",
    "location",
    "usa",
  ],
  "Location": Array [
    "gps",
    "map",
    "navigation",
    "pin",
  ],
  "LocationPin": Array [
    "gps",
    "map",
    "navigation",
    "pin",
  ],
  "Lock": Array [
    "close",
    "key",
    "password",
    "protectio",
    "secure",
    "security",
  ],
  "Login": Array [
    "account",
    "arrows",
    "door",
    "password",
    "security",
  ],
  "Logout": Array [
    "account",
    "arrows",
    "door",
    "exit",
    "password",
    "security",
  ],
  "Lounge": Array [
    "chair",
    "furniture",
    "sofa",
  ],
  "Magic": Array [
    "wand",
    "wizard",
  ],
  "Mail": Array [
    "email",
    "envelope",
    "letter",
    "messages",
    "social",
  ],
  "MailOption": Array [
    "email",
    "envelope",
    "letter",
    "messages",
    "social",
  ],
  "Mandriva": Array [
    "linux",
    "logo",
    "os",
  ],
  "Manual": Array [
    "stick",
    "joystick",
  ],
  "Map": Array [
    "gps",
    "location",
    "navigation",
    "pin",
  ],
  "MapLocation": Array [
    "gps",
    "location",
    "navigation",
    "pin",
  ],
  "Mastercard": Array [
    "card",
    "credit",
    "logo",
    "pay",
    "wallet",
    "social",
    "visa",
  ],
  "Medium": Array [
    "blog",
    "logo",
    "media",
    "share",
    "social",
  ],
  "Menu": Array [
    "hamburger",
    "list",
    "navigation",
    "options",
  ],
  "Microfocus": Array [
    "awesome",
    "logo",
  ],
  "Microphone": Array [
    "audio",
    "mic",
    "music",
    "sound",
  ],
  "Money": Array [
    "cash",
    "coins",
    "currency",
    "dollar",
    "finance",
  ],
  "Monitor": Array [
    "computer",
    "crt",
    "desktop",
    "display",
    "screen",
  ],
  "Monospace": Array [
    "formatting",
    "text",
    "editor",
  ],
  "More": Array [
    "actions",
    "core",
    "ellipses",
  ],
  "Multimedia": Array [
    "clapboard",
    "cinema",
    "film",
    "video",
    "movie",
  ],
  "Multiple": Array [
    "cascade",
    "repeat",
    "stack",
    "steps",
  ],
  "Music": Array [
    "audio",
    "notes",
    "sound",
    "play",
  ],
  "Mysql": Array [
    "database",
    "logo",
    "storage",
  ],
  "Navigate": Array [
    "guide",
    "road",
    "sign",
    "street",
    "way",
  ],
  "New": Array [
    "asterisk",
    "add",
    "create",
    "plus",
  ],
  "NewWindow": Array [
    "add",
    "create",
    "plus",
  ],
  "Next": Array [
    "arrows",
    "core",
    "direction",
    "forward",
    "next",
    "right",
  ],
  "Nodes": Array [
    "connection",
    "network",
  ],
  "Norton": Array [
    "logo",
    "security",
  ],
  "Note": Array [
    "document",
    "file",
    "paper",
  ],
  "Notes": Array [
    "document",
    "file",
    "paper",
  ],
  "Notification": Array [
    "alarm",
    "alert",
    "bell",
    "core",
    "messages",
    "notify",
    "warn",
    "warning",
  ],
  "ObjectGroup": Array [
    "",
  ],
  "ObjectUngroup": Array [
    "",
  ],
  "OfflineStorage": Array [
    "backup",
    "tape",
  ],
  "Onedrive": Array [
    "logo",
    "office",
  ],
  "Opera": Array [
    "browser",
    "logo",
    "web",
  ],
  "Optimize": Array [
    "analytics",
    "chart",
    "growth",
  ],
  "Oracle": Array [
    "cloud",
    "database",
    "logo",
  ],
  "OrderedList": Array [
    "formatting",
    "text",
    "items",
    "editor",
  ],
  "Organization": Array [
    "building",
  ],
  "Overview": Array [
    "binoculars",
  ],
  "Paint": Array [
    "bucket",
    "color",
  ],
  "Pan": Array [
    "arrows",
    "drag",
    "move",
  ],
  "Pause": Array [
    "player",
  ],
  "PauseFill": Array [
    "player",
  ],
  "Paypal": Array [
    "card",
    "logo",
    "media",
    "money",
    "social",
    "pay",
    "wallet",
  ],
  "Performance": Array [
    "optimization",
  ],
  "PersonalComputer": Array [
    "pc",
    "monitor",
    "screen",
  ],
  "PieChart": Array [
    "analytics",
    "dontusepies",
    "graph",
  ],
  "PiedPiper": Array [
    "logo",
    "storage",
  ],
  "Pin": Array [
    "gps",
    "location",
    "map",
    "navigation",
    "pin",
    "tack",
  ],
  "Pinterest": Array [
    "logo",
    "media",
    "share",
    "social",
  ],
  "Plan": Array [
    "calendar",
    "checklist",
    "schedule",
  ],
  "Play": Array [
    "media",
    "music",
    "player",
    "video",
  ],
  "PlayFill": Array [
    "media",
    "music",
    "player",
    "video",
  ],
  "Power": Array [
    "off",
    "switch",
  ],
  "PowerCycle": Array [],
  "PowerForceShutdown": Array [],
  "PowerReset": Array [],
  "PowerShutdown": Array [],
  "Previous": Array [
    "arrows",
    "back",
    "backward",
    "core",
    "direction",
    "left",
    "return",
  ],
  "Print": Array [
    "laser",
    "printer",
  ],
  "ProductHunt": Array [
    "logo",
    "media",
    "share",
    "social",
  ],
  "Radial": Array [
    "circle",
    "radio",
    "off",
  ],
  "RadialSelected": Array [
    "circle",
    "radio",
    "on",
  ],
  "Raspberry": Array [
    "logo",
    "pc",
    "pie",
    "iot",
  ],
  "Reactjs": Array [
    "javascript",
    "logo",
  ],
  "Reddit": Array [
    "logo",
    "media",
    "online",
    "social",
    "share",
  ],
  "Redhat": Array [
    "linux",
    "logo",
    "Fedora",
    "os",
  ],
  "Redo": Array [
    "action",
    "text",
    "editor",
  ],
  "Refresh": Array [
    "arrows",
    "backup",
    "core",
    "reload",
    "repeat",
    "pull",
    "sync",
    "update",
  ],
  "Resources": Array [
    "cascade",
    "layers",
    "multiple",
    "stack",
  ],
  "Restaurant": Array [
    "chef",
    "cook",
    "food",
    "hat",
  ],
  "Restroom": Array [
    "bathroom",
    "toilet",
    "water",
    "closet",
  ],
  "RestroomMen": Array [
    "bathroom",
    "closet",
    "man",
    "person",
    "toilet",
    "water",
    "wc",
  ],
  "RestroomWomen": Array [
    "bathroom",
    "closet",
    "person",
    "toilet",
    "water",
    "wc",
    "woman",
  ],
  "Resume": Array [
    "forward",
    "media",
    "player",
  ],
  "Revert": Array [
    "arrows",
    "history",
    "undo",
  ],
  "Rewind": Array [
    "back",
    "media",
    "player",
  ],
  "Risk": Array [
    "casino",
    "dice",
    "game",
    "gaming",
    "probability",
  ],
  "Robot": Array [
    "android",
    "automatic",
    "automation",
    "career",
    "job",
    "layoff",
    "machine",
  ],
  "RotateLeft": Array [
    "direction",
    "rotate",
    "picture",
  ],
  "RotateRight": Array [
    "direction",
    "rotate",
    "picture",
  ],
  "Rss": Array [
    "feed",
    "news",
    "signal",
    "syndication",
  ],
  "Run": Array [
    "exit",
    "evacuation",
    "fire",
    "lead",
    "person",
    "sport",
  ],
  "SafariOption": Array [
    "browser",
    "logo",
    "web",
  ],
  "Satellite": Array [
    "antenna",
    "communication",
    "dish",
    "space",
  ],
  "Save": Array [
    "arrows",
    "floppy",
    "store",
    "storage",
  ],
  "Scan": Array [
    "document",
    "scanner",
  ],
  "Schedule": Array [
    "agenda",
    "appointment",
    "calendar",
    "checklist",
    "month",
    "plan",
  ],
  "ScheduleNew": Array [
    "add",
    "agenda",
    "asterisk",
    "appointment",
    "calendar",
    "checklist",
    "month",
    "plan",
  ],
  "SchedulePlay": Array [
    "agenda",
    "appointment",
    "calendar",
    "checklist",
    "month",
    "plan",
  ],
  "Schedules": Array [
    "agenda",
    "appointment",
    "calendar",
    "checklist",
    "month",
    "plan",
  ],
  "Sco": Array [
    "logo",
    "os",
    "unix",
  ],
  "Scorecard": Array [
    "clipboard",
    "game",
    "mark",
  ],
  "Search": Array [
    "core",
    "find",
    "lookup",
    "magnifier",
    "zoom",
  ],
  "SearchAdvanced": Array [
    "find",
    "lookup",
    "magnifier",
    "plus",
    "zoom",
  ],
  "Secure": Array [
    "closed",
    "locked",
    "security",
  ],
  "Select": Array [
    "cursor",
    "pointer",
    "selection",
  ],
  "Selection": Array [
    "column",
  ],
  "Semantics": Array [
    "chevron",
    "html",
    "w3c",
  ],
  "Send": Array [
    "airplane",
    "email",
    "messages",
    "paper",
  ],
  "Server": Array [
    "computer",
    "hosting",
    "mainframe",
    "servers",
  ],
  "ServerCluster": Array [
    "cluster",
    "computer",
    "hosting",
    "mainframe",
    "servers",
  ],
  "Servers": Array [
    "cluster",
    "computer",
    "hosting",
    "mainframe",
    "servers",
  ],
  "ServicePlay": Array [
    "cloud",
    "services",
  ],
  "Services": Array [
    "action",
    "cloud",
    "gears",
  ],
  "SettingsOption": Array [
    "configure",
    "gear",
  ],
  "Share": Array [
    "connections",
    "export",
    "sharing",
    "open",
    "network",
    "publish",
  ],
  "ShareOption": Array [
    "connections",
    "sharing",
    "score",
    "social",
    "media",
    "open",
    "network",
    "publish",
  ],
  "Shield": Array [
    "antivirus",
    "secure",
    "security",
  ],
  "ShieldSecurity": Array [
    "gear",
    "secure",
    "security",
    "settings",
  ],
  "Shift": Array [
    "divide",
    "partition",
    "separate",
    "split",
  ],
  "Shop": Array [
    "buy",
    "cart",
    "checkout",
    "bag",
    "shopping",
  ],
  "Sidebar": Array [
    "columns",
    "layout",
    "navigation",
    "right",
  ],
  "Sign": Array [
    "devil",
    "hand",
    "heavy",
    "horns",
    "metal",
    "rock",
  ],
  "Skype": Array [
    "call",
    "chat",
    "conference",
    "logo",
    "media",
    "phone",
    "social",
    "video",
  ],
  "Slack": Array [
    "chat",
    "help",
    "logo",
    "media",
    "messages",
    "talk",
    "share",
    "social",
    "support",
  ],
  "Snapchat": Array [
    "ghost",
    "image",
    "logo",
    "media",
    "picture",
    "photography",
    "photos",
    "share",
    "social",
    "video",
  ],
  "Solaris": Array [
    "logo",
    "oracle",
    "os",
    "sun",
    "unix",
  ],
  "Sort": Array [
    "bullets",
    "list",
    "items",
  ],
  "Spa": Array [
    "lotus",
    "plant",
    "flower",
    "yoga",
  ],
  "Split": Array [
    "columns",
    "layout",
    "navigation",
  ],
  "Splits": Array [
    "columns",
    "layout",
    "navigation",
  ],
  "Square": Array [
    "logo",
    "media",
    "social",
    "pay",
    "wallet",
  ],
  "StackOverflow": Array [
    "code",
    "help",
    "logo",
    "media",
    "share",
    "social",
  ],
  "Stakeholder": Array [
    "business",
    "person",
  ],
  "Star": Array [
    "badge",
    "rating",
    "star",
  ],
  "StarHalf": Array [
    "badge",
    "rating",
    "star",
  ],
  "StatusCritical": Array [
    "error",
    "halt",
    "stop",
    "warning",
  ],
  "StatusCriticalSmall": Array [
    "error",
    "halt",
    "stop",
    "warning",
  ],
  "StatusDisabled": Array [
    "off",
  ],
  "StatusDisabledSmall": Array [
    "off",
  ],
  "StatusGood": Array [
    "accept",
    "check",
    "ok",
  ],
  "StatusGoodSmall": Array [
    "accept",
    "check",
    "ok",
  ],
  "StatusInfo": Array [
    "faq",
    "help",
    "hint",
    "information",
  ],
  "StatusInfoSmall": Array [
    "faq",
    "help",
    "hint",
    "information",
  ],
  "StatusPlaceholder": Array [
    "box",
  ],
  "StatusUnknown": Array [
    "question",
  ],
  "StatusUnknownSmall": Array [
    "question",
  ],
  "StatusWarning": Array [
    "exclamation",
  ],
  "StatusWarningSmall": Array [
    "exclamation",
  ],
  "Steps": Array [
    "staircase",
    "stairs",
  ],
  "StepsOption": Array [
    "staircase",
    "stairs",
    "stairway",
  ],
  "Stop": Array [
    "halt",
    "player",
  ],
  "StopFill": Array [
    "halt",
    "player",
  ],
  "Storage": Array [
    "archives",
    "drawers",
  ],
  "StreetView": Array [
    "location",
    "map",
    "person",
  ],
  "StrikeThrough": Array [
    "formatting",
    "text",
    "editor",
  ],
  "Stripe": Array [
    "logo",
    "media",
    "pay",
    "social",
    "wallet",
  ],
  "Subscript": Array [
    "formatting",
    "text",
    "editor",
  ],
  "Subtract": Array [
    "core",
    "decrement",
    "minus",
    "reduce",
    "remove",
    "subtraction",
  ],
  "SubtractCircle": Array [
    "decrement",
    "minus",
    "reduce",
    "remove",
    "subtraction",
  ],
  "Superscript": Array [
    "formatting",
    "text",
    "editor",
  ],
  "Support": Array [
    "help",
    "life",
    "lifesaver",
    "preserver",
    "safety",
  ],
  "Suse": Array [
    "logo",
    "linux",
    "os",
  ],
  "Swift": Array [
    "code",
    "logo",
  ],
  "Swim": Array [
    "person",
    "sport",
    "swimmer",
    "swimming",
  ],
  "Sync": Array [
    "refresh",
    "reload",
    "update",
  ],
  "System": Array [
    "computer",
    "configuration",
    "gear",
    "settings",
  ],
  "Table": Array [
    "spreadsheet",
  ],
  "TableAdd": Array [
    "new",
    "plus",
    "spreadsheet",
  ],
  "Tag": Array [
    "label",
    "retail",
    "ticket",
    "travel",
  ],
  "Tape": Array [
    "archive",
    "backup",
    "storage",
  ],
  "TapeOption": Array [
    "archive",
    "backup",
    "storage",
  ],
  "Target": Array [
    "bulleye",
    "darts",
    "goal",
  ],
  "Task": Array [
    "details",
    "done",
    "list",
    "survey",
  ],
  "Tasks": Array [
    "bar",
    "progress",
  ],
  "Technology": Array [
    "circuit",
    "device",
    "electronics",
  ],
  "Template": Array [
    "application",
    "columns",
    "layout",
    "navigation",
  ],
  "Terminal": Array [
    "admin",
    "command",
    "console",
    "dos",
    "prompt",
  ],
  "Test": Array [
    "biology",
    "chemistry",
    "experiment",
    "flask",
    "healthcare",
    "laboratory",
    "research",
    "science",
  ],
  "TestDesktop": Array [
    "biology",
    "chemistry",
    "experiment",
    "laboratory",
    "prototype",
    "research",
    "science",
  ],
  "TextAlignCenter": Array [
    "formatting",
    "center",
    "text",
    "align",
    "editor",
  ],
  "TextAlignFull": Array [
    "formatting",
    "full",
    "text",
    "align",
    "editor",
  ],
  "TextAlignLeft": Array [
    "formatting",
    "left",
    "text",
    "align",
    "editor",
  ],
  "TextAlignRight": Array [
    "formatting",
    "right",
    "text",
    "align",
    "editor",
  ],
  "TextWrap": Array [
    "around",
  ],
  "Threats": Array [
    "bomb",
    "danger",
    "explosive",
    "security",
  ],
  "ThreeD": Array [
    "3d",
    "cube",
    "box",
    "rotation",
  ],
  "ThreeDffects": Array [
    "3d",
    "cube",
    "box",
  ],
  "Ticket": Array [
    "cinema",
    "concert",
    "movie",
    "travel",
  ],
  "Tip": Array [
    "bubble",
    "chat",
    "messages",
    "tooltip",
  ],
  "Toast": Array [
    "alert",
    "food",
    "messages",
  ],
  "Tools": Array [
    "hammer",
    "mallet",
  ],
  "Tooltip": Array [
    "bubble",
    "chat",
    "elipses",
    "messages",
  ],
  "TopCorner": Array [
    "arrows",
    "left",
  ],
  "Train": Array [
    "railroad",
    "subway",
    "transportation",
    "travel",
  ],
  "Transaction": Array [
    "activity",
    "arrows",
  ],
  "Trash": Array [
    "bin",
    "clear",
    "core",
    "delete",
    "eliminate",
    "garbage",
    "remove",
  ],
  "Tree": Array [
    "branch",
    "flow",
    "organizstion",
    "view",
  ],
  "TreeOption": Array [
    "branch",
    "forest",
    "plant",
  ],
  "Trigger": Array [
    "bolt",
    "electricity",
    "lightning",
    "power",
    "quick",
    "storm",
  ],
  "Trophy": Array [
    "award",
    "cup",
    "medal",
    "prize",
    "trophy",
    "winner",
  ],
  "Troubleshoot": Array [
    "screwdriver",
    "tools",
    "wrench",
  ],
  "Tty": Array [
    "accessibility",
    "teletype",
    "teleprinter",
    "tdd",
  ],
  "Tumblr": Array [
    "blog",
    "image",
    "logo",
    "medi,ia",
    "picture",
    "photography",
    "photos",
    "share",
    "social",
    "video",
  ],
  "Turbolinux": Array [
    "linux",
    "logo",
    "os",
  ],
  "Twitter": Array [
    "bird",
    "logo",
    "media",
    "share",
    "social",
    "tweet",
  ],
  "Ubuntu": Array [
    "linux",
    "logo",
    "os",
  ],
  "Underline": Array [
    "formatting",
    "text",
    "editor",
  ],
  "Undo": Array [
    "action",
    "text",
    "editor",
  ],
  "Unlink": Array [
    "break",
    "chain",
    "disconnect",
  ],
  "Unlock": Array [
    "open",
    "key",
    "password",
    "protection",
    "secure",
    "security",
  ],
  "UnorderedList": Array [
    "formatting",
    "text",
    "items",
    "editor",
  ],
  "Up": Array [
    "arrows",
    "collapse",
    "direction",
  ],
  "Update": Array [
    "arrows",
    "change",
    "core",
    "reload",
    "refresh",
  ],
  "Upgrade": Array [
    "arrows",
    "circle",
  ],
  "Upload": Array [
    "arrows",
    "attach",
    "attachment",
    "cloud",
    "core",
    "export",
    "files",
    "send",
  ],
  "User": Array [
    "account",
    "avatar",
    "core",
    "person",
    "profile",
    "male",
    "man",
  ],
  "UserAdd": Array [
    "add",
    "account",
    "avatar",
    "new",
    "person",
    "profile",
  ],
  "UserAdmin": Array [
    "account",
    "avatar",
    "person",
    "profile",
    "security",
    "key",
  ],
  "UserExpert": Array [
    "account",
    "admin",
    "avatar",
    "check",
    "person",
    "profile",
    "security",
    "key",
  ],
  "UserFemale": Array [
    "account",
    "avatar",
    "core",
    "person",
    "profile",
    "woman",
  ],
  "UserManager": Array [
    "account",
    "avatar",
    "boss",
    "person",
    "profile",
  ],
  "UserNew": Array [
    "add",
    "account",
    "avatar",
    "new",
    "person",
    "profile",
  ],
  "UserPolice": Array [
    "account",
    "avatar",
    "marshal",
    "officer",
    "person",
    "profile",
    "sheriff",
  ],
  "UserSettings": Array [
    "account",
    "avatar",
    "gear",
    "person",
    "profile",
    "settings",
  ],
  "UserWorker": Array [
    "account",
    "avatar",
    "construction",
    "hardhat",
    "helmut",
    "person",
    "profile",
    "safety",
  ],
  "Validate": Array [
    "accept",
    "approve",
    "ok",
    "success",
  ],
  "Vend": Array [
    "automated",
    "dispensing",
    "snacks",
    "vending",
  ],
  "Video": Array [
    "camera",
    "movie",
  ],
  "View": Array [
    "eye",
    "open",
    "visibility",
  ],
  "Vimeo": Array [
    "logo",
    "media",
    "share",
    "social",
    "video",
  ],
  "VirtualMachine": Array [
    "vmware",
  ],
  "Visa": Array [
    "amex",
    "card",
    "credit",
    "mastercard",
    "media",
    "pay",
    "social",
    "wallet",
  ],
  "VmMaintenance": Array [
    "tools",
    "vmware",
    "wrench",
  ],
  "Vmware": Array [
    "logo",
    "virtual",
  ],
  "Volume": Array [
    "audio",
    "sound",
    "speaker",
  ],
  "VolumeControl": Array [
    "audio",
    "sound",
    "speaker",
  ],
  "VolumeLow": Array [
    "audio",
    "sound",
    "speaker",
  ],
  "VolumeMute": Array [
    "audio",
    "mute",
    "sound",
    "speaker",
  ],
  "Vulnerability": Array [
    "aim",
    "crosshairs",
    "hunting",
    "security",
    "target",
  ],
  "Waypoint": Array [
    "arrows",
    "cursor",
    "compass",
    "gps",
    "location",
    "navigation",
  ],
  "Wheelchair": Array [
    "accessibility",
    "disabled",
    "disability",
    "handicap",
    "person",
  ],
  "WheelchairActive": Array [
    "accessibility",
    "disabled",
    "disability",
    "handicap",
    "person",
  ],
  "Windows": Array [
    "pc",
    "logo",
  ],
  "WindowsLegacy": Array [
    "pc",
    "logo",
  ],
  "Wordpress": Array [
    "blog",
    "logo",
    "media",
    "share",
    "social",
  ],
  "Workshop": Array [
    "business",
    "conference",
    "speaker",
  ],
  "Yoga": Array [
    "asana",
    "person",
    "sport",
  ],
  "Youtube": Array [
    "logo",
    "media",
    "play",
    "share",
    "social",
    "video",
  ],
  "ZoomIn": Array [
    "in",
    "plus",
    "magnify",
  ],
  "ZoomOut": Array [
    "out",
    "minus",
    "magnify",
  ],
  "formAttachment": Array [
    "attach",
    "clip",
    "files",
    "form",
    "paper",
    "upload",
  ],
}
`;
